Archive member included to satisfy reference by file (symbol)

C:/ST/STM32CubeIDE_1.13.1/STM32CubeIDE/plugins/com.st.stm32cube.ide.mcu.externaltools.gnu-tools-for-stm32.11.3.rel1.win32_1.1.0.202305231506/tools/bin/../lib/gcc/arm-none-eabi/11.3.1/../../../../arm-none-eabi/lib/thumb/v7e-m+dp/hard\libc_nano.a(libc_a-exit.o)
                              C:/ST/STM32CubeIDE_1.13.1/STM32CubeIDE/plugins/com.st.stm32cube.ide.mcu.externaltools.gnu-tools-for-stm32.11.3.rel1.win32_1.1.0.202305231506/tools/bin/../lib/gcc/arm-none-eabi/11.3.1/../../../../arm-none-eabi/lib/thumb/v7e-m+dp/hard/crt0.o (exit)
C:/ST/STM32CubeIDE_1.13.1/STM32CubeIDE/plugins/com.st.stm32cube.ide.mcu.externaltools.gnu-tools-for-stm32.11.3.rel1.win32_1.1.0.202305231506/tools/bin/../lib/gcc/arm-none-eabi/11.3.1/../../../../arm-none-eabi/lib/thumb/v7e-m+dp/hard\libc_nano.a(libc_a-findfp.o)
                              C:/ST/STM32CubeIDE_1.13.1/STM32CubeIDE/plugins/com.st.stm32cube.ide.mcu.externaltools.gnu-tools-for-stm32.11.3.rel1.win32_1.1.0.202305231506/tools/bin/../lib/gcc/arm-none-eabi/11.3.1/../../../../arm-none-eabi/lib/thumb/v7e-m+dp/hard\libc_nano.a(libc_a-exit.o) (__stdio_exit_handler)
C:/ST/STM32CubeIDE_1.13.1/STM32CubeIDE/plugins/com.st.stm32cube.ide.mcu.externaltools.gnu-tools-for-stm32.11.3.rel1.win32_1.1.0.202305231506/tools/bin/../lib/gcc/arm-none-eabi/11.3.1/../../../../arm-none-eabi/lib/thumb/v7e-m+dp/hard\libc_nano.a(libc_a-fwalk.o)
                              C:/ST/STM32CubeIDE_1.13.1/STM32CubeIDE/plugins/com.st.stm32cube.ide.mcu.externaltools.gnu-tools-for-stm32.11.3.rel1.win32_1.1.0.202305231506/tools/bin/../lib/gcc/arm-none-eabi/11.3.1/../../../../arm-none-eabi/lib/thumb/v7e-m+dp/hard\libc_nano.a(libc_a-findfp.o) (_fwalk_sglue)
C:/ST/STM32CubeIDE_1.13.1/STM32CubeIDE/plugins/com.st.stm32cube.ide.mcu.externaltools.gnu-tools-for-stm32.11.3.rel1.win32_1.1.0.202305231506/tools/bin/../lib/gcc/arm-none-eabi/11.3.1/../../../../arm-none-eabi/lib/thumb/v7e-m+dp/hard\libc_nano.a(libc_a-stdio.o)
                              C:/ST/STM32CubeIDE_1.13.1/STM32CubeIDE/plugins/com.st.stm32cube.ide.mcu.externaltools.gnu-tools-for-stm32.11.3.rel1.win32_1.1.0.202305231506/tools/bin/../lib/gcc/arm-none-eabi/11.3.1/../../../../arm-none-eabi/lib/thumb/v7e-m+dp/hard\libc_nano.a(libc_a-findfp.o) (__sread)
C:/ST/STM32CubeIDE_1.13.1/STM32CubeIDE/plugins/com.st.stm32cube.ide.mcu.externaltools.gnu-tools-for-stm32.11.3.rel1.win32_1.1.0.202305231506/tools/bin/../lib/gcc/arm-none-eabi/11.3.1/../../../../arm-none-eabi/lib/thumb/v7e-m+dp/hard\libc_nano.a(libc_a-memset.o)
                              C:/ST/STM32CubeIDE_1.13.1/STM32CubeIDE/plugins/com.st.stm32cube.ide.mcu.externaltools.gnu-tools-for-stm32.11.3.rel1.win32_1.1.0.202305231506/tools/bin/../lib/gcc/arm-none-eabi/11.3.1/../../../../arm-none-eabi/lib/thumb/v7e-m+dp/hard/crt0.o (memset)
C:/ST/STM32CubeIDE_1.13.1/STM32CubeIDE/plugins/com.st.stm32cube.ide.mcu.externaltools.gnu-tools-for-stm32.11.3.rel1.win32_1.1.0.202305231506/tools/bin/../lib/gcc/arm-none-eabi/11.3.1/../../../../arm-none-eabi/lib/thumb/v7e-m+dp/hard\libc_nano.a(libc_a-closer.o)
                              C:/ST/STM32CubeIDE_1.13.1/STM32CubeIDE/plugins/com.st.stm32cube.ide.mcu.externaltools.gnu-tools-for-stm32.11.3.rel1.win32_1.1.0.202305231506/tools/bin/../lib/gcc/arm-none-eabi/11.3.1/../../../../arm-none-eabi/lib/thumb/v7e-m+dp/hard\libc_nano.a(libc_a-stdio.o) (_close_r)
C:/ST/STM32CubeIDE_1.13.1/STM32CubeIDE/plugins/com.st.stm32cube.ide.mcu.externaltools.gnu-tools-for-stm32.11.3.rel1.win32_1.1.0.202305231506/tools/bin/../lib/gcc/arm-none-eabi/11.3.1/../../../../arm-none-eabi/lib/thumb/v7e-m+dp/hard\libc_nano.a(libc_a-reent.o)
                              C:/ST/STM32CubeIDE_1.13.1/STM32CubeIDE/plugins/com.st.stm32cube.ide.mcu.externaltools.gnu-tools-for-stm32.11.3.rel1.win32_1.1.0.202305231506/tools/bin/../lib/gcc/arm-none-eabi/11.3.1/../../../../arm-none-eabi/lib/thumb/v7e-m+dp/hard\libc_nano.a(libc_a-closer.o) (errno)
C:/ST/STM32CubeIDE_1.13.1/STM32CubeIDE/plugins/com.st.stm32cube.ide.mcu.externaltools.gnu-tools-for-stm32.11.3.rel1.win32_1.1.0.202305231506/tools/bin/../lib/gcc/arm-none-eabi/11.3.1/../../../../arm-none-eabi/lib/thumb/v7e-m+dp/hard\libc_nano.a(libc_a-impure.o)
                              C:/ST/STM32CubeIDE_1.13.1/STM32CubeIDE/plugins/com.st.stm32cube.ide.mcu.externaltools.gnu-tools-for-stm32.11.3.rel1.win32_1.1.0.202305231506/tools/bin/../lib/gcc/arm-none-eabi/11.3.1/../../../../arm-none-eabi/lib/thumb/v7e-m+dp/hard\libc_nano.a(libc_a-reent.o) (_impure_ptr)
C:/ST/STM32CubeIDE_1.13.1/STM32CubeIDE/plugins/com.st.stm32cube.ide.mcu.externaltools.gnu-tools-for-stm32.11.3.rel1.win32_1.1.0.202305231506/tools/bin/../lib/gcc/arm-none-eabi/11.3.1/../../../../arm-none-eabi/lib/thumb/v7e-m+dp/hard\libc_nano.a(libc_a-lseekr.o)
[...]
Memory Configuration

Name             Origin             Length             Attributes
ITCMRAM          0x0000000000000000 0x0000000000010000 xrw
DTCMRAM          0x0000000020000000 0x0000000000020000 xrw
FLASH            0x0000000008000000 0x0000000000080000 xr
RAM_D1           0x0000000024000000 0x0000000000050000 xrw
RAM_D2           0x0000000030000000 0x0000000000008000 xrw
RAM_D3           0x0000000038000000 0x0000000000004000 xrw
*default*        0x0000000000000000 0xffffffffffffffff

Linker script and memory map

LOAD C:/ST/STM32CubeIDE_1.13.1/STM32CubeIDE/plugins/com.st.stm32cube.ide.mcu.externaltools.gnu-tools-for-stm32.11.3.rel1.win32_1.1.0.202305231506/tools/bin/../lib/gcc/arm-none-eabi/11.3.1/thumb/v7e-m+dp/hard/crti.o
LOAD C:/ST/STM32CubeIDE_1.13.1/STM32CubeIDE/plugins/com.st.stm32cube.ide.mcu.externaltools.gnu-tools-for-stm32.11.3.rel1.win32_1.1.0.202305231506/tools/bin/../lib/gcc/arm-none-eabi/11.3.1/thumb/v7e-m+dp/hard/crtbegin.o
LOAD C:/ST/STM32CubeIDE_1.13.1/STM32CubeIDE/plugins/com.st.stm32cube.ide.mcu.externaltools.gnu-tools-for-stm32.11.3.rel1.win32_1.1.0.202305231506/tools/bin/../lib/gcc/arm-none-eabi/11.3.1/../../../../arm-none-eabi/lib/thumb/v7e-m+dp/hard/crt0.o
LOAD ./Core/Src/main.o
LOAD ./Core/Src/platform.o
LOAD ./Core/Src/stm32h7xx_hal_msp.o
LOAD ./Core/Src/stm32h7xx_it.o
LOAD ./Core/Src/syscalls.o
LOAD ./Core/Src/sysmem.o
LOAD ./Core/Src/system_stm32h7xx.o
LOAD ./Core/Src/vl53l5cx_api.o
LOAD ./Core/Startup/startup_stm32h723vetx.o
LOAD ./Drivers/STM32H7xx_HAL_Driver/Src/stm32h7xx_hal.o
LOAD ./Drivers/STM32H7xx_HAL_Driver/Src/stm32h7xx_hal_cortex.o
LOAD ./Drivers/STM32H7xx_HAL_Driver/Src/stm32h7xx_hal_dma.o
LOAD ./Drivers/STM32H7xx_HAL_Driver/Src/stm32h7xx_hal_dma_ex.o
LOAD ./Drivers/STM32H7xx_HAL_Driver/Src/stm32h7xx_hal_exti.o
LOAD ./Drivers/STM32H7xx_HAL_Driver/Src/stm32h7xx_hal_flash.o
LOAD ./Drivers/STM32H7xx_HAL_Driver/Src/stm32h7xx_hal_flash_ex.o
LOAD ./Drivers/STM32H7xx_HAL_Driver/Src/stm32h7xx_hal_gpio.o
LOAD ./Drivers/STM32H7xx_HAL_Driver/Src/stm32h7xx_hal_hsem.o
LOAD ./Drivers/STM32H7xx_HAL_Driver/Src/stm32h7xx_hal_i2c.o
LOAD ./Drivers/STM32H7xx_HAL_Driver/Src/stm32h7xx_hal_i2c_ex.o
LOAD ./Drivers/STM32H7xx_HAL_Driver/Src/stm32h7xx_hal_mdma.o
LOAD ./Drivers/STM32H7xx_HAL_Driver/Src/stm32h7xx_hal_pwr.o
LOAD ./Drivers/STM32H7xx_HAL_Driver/Src/stm32h7xx_hal_pwr_ex.o
LOAD ./Drivers/STM32H7xx_HAL_Driver/Src/stm32h7xx_hal_rcc.o
LOAD ./Drivers/STM32H7xx_HAL_Driver/Src/stm32h7xx_hal_rcc_ex.o
LOAD ./Drivers/STM32H7xx_HAL_Driver/Src/stm32h7xx_hal_tim.o
LOAD ./Drivers/STM32H7xx_HAL_Driver/Src/stm32h7xx_hal_tim_ex.o
LOAD ./Drivers/STM32H7xx_HAL_Driver/Src/stm32h7xx_hal_uart.o
LOAD ./Drivers/STM32H7xx_HAL_Driver/Src/stm32h7xx_hal_uart_ex.o
START GROUP
LOAD C:/ST/STM32CubeIDE_1.13.1/STM32CubeIDE/plugins/com.st.stm32cube.ide.mcu.externaltools.gnu-tools-for-stm32.11.3.rel1.win32_1.1.0.202305231506/tools/bin/../lib/gcc/arm-none-eabi/11.3.1/../../../../arm-none-eabi/lib/thumb/v7e-m+dp/hard\libc_nano.a
LOAD C:/ST/STM32CubeIDE_1.13.1/STM32CubeIDE/plugins/com.st.stm32cube.ide.mcu.externaltools.gnu-tools-for-stm32.11.3.rel1.win32_1.1.0.202305231506/tools/bin/../lib/gcc/arm-none-eabi/11.3.1/../../../../arm-none-eabi/lib/thumb/v7e-m+dp/hard\libm.a
END GROUP
START GROUP
LOAD C:/ST/STM32CubeIDE_1.13.1/STM32CubeIDE/plugins/com.st.stm32cube.ide.mcu.externaltools.gnu-tools-for-stm32.11.3.rel1.win32_1.1.0.202305231506/tools/bin/../lib/gcc/arm-none-eabi/11.3.1/thumb/v7e-m+dp/hard\libgcc.a
LOAD C:/ST/STM32CubeIDE_1.13.1/STM32CubeIDE/plugins/com.st.stm32cube.ide.mcu.externaltools.gnu-tools-for-stm32.11.3.rel1.win32_1.1.0.202305231506/tools/bin/../lib/gcc/arm-none-eabi/11.3.1/../../../../arm-none-eabi/lib/thumb/v7e-m+dp/hard\libc_nano.a
END GROUP
START GROUP
LOAD C:/ST/STM32CubeIDE_1.13.1/STM32CubeIDE/plugins/com.st.stm32cube.ide.mcu.externaltools.gnu-tools-for-stm32.11.3.rel1.win32_1.1.0.202305231506/tools/bin/../lib/gcc/arm-none-eabi/11.3.1/thumb/v7e-m+dp/hard\libgcc.a
LOAD C:/ST/STM32CubeIDE_1.13.1/STM32CubeIDE/plugins/com.st.stm32cube.ide.mcu.externaltools.gnu-tools-for-stm32.11.3.rel1.win32_1.1.0.202305231506/tools/bin/../lib/gcc/arm-none-eabi/11.3.1/../../../../arm-none-eabi/lib/thumb/v7e-m+dp/hard\libc_nano.a
LOAD C:/ST/STM32CubeIDE_1.13.1/STM32CubeIDE/plugins/com.st.stm32cube.ide.mcu.externaltools.gnu-tools-for-stm32.11.3.rel1.win32_1.1.0.202305231506/tools/bin/../lib/gcc/arm-none-eabi/11.3.1/../../../../arm-none-eabi/lib/thumb/v7e-m+dp/hard\libnosys.a
END GROUP
START GROUP
LOAD C:/ST/STM32CubeIDE_1.13.1/STM32CubeIDE/plugins/com.st.stm32cube.ide.mcu.externaltools.gnu-tools-for-stm32.11.3.rel1.win32_1.1.0.202305231506/tools/bin/../lib/gcc/arm-none-eabi/11.3.1/thumb/v7e-m+dp/hard\libgcc.a
LOAD C:/ST/STM32CubeIDE_1.13.1/STM32CubeIDE/plugins/com.st.stm32cube.ide.mcu.externaltools.gnu-tools-for-stm32.11.3.rel1.win32_1.1.0.202305231506/tools/bin/../lib/gcc/arm-none-eabi/11.3.1/../../../../arm-none-eabi/lib/thumb/v7e-m+dp/hard\libc_nano.a
LOAD C:/ST/STM32CubeIDE_1.13.1/STM32CubeIDE/plugins/com.st.stm32cube.ide.mcu.externaltools.gnu-tools-for-stm32.11.3.rel1.win32_1.1.0.202305231506/tools/bin/../lib/gcc/arm-none-eabi/11.3.1/../../../../arm-none-eabi/lib/thumb/v7e-m+dp/hard\libnosys.a
END GROUP
LOAD C:/ST/STM32CubeIDE_1.13.1/STM32CubeIDE/plugins/com.st.stm32cube.ide.mcu.externaltools.gnu-tools-for-stm32.11.3.rel1.win32_1.1.0.202305231506/tools/bin/../lib/gcc/arm-none-eabi/11.3.1/thumb/v7e-m+dp/hard/crtend.o
LOAD C:/ST/STM32CubeIDE_1.13.1/STM32CubeIDE/plugins/com.st.stm32cube.ide.mcu.externaltools.gnu-tools-for-stm32.11.3.rel1.win32_1.1.0.202305231506/tools/bin/../lib/gcc/arm-none-eabi/11.3.1/thumb/v7e-m+dp/hard/crtn.o
                0x0000000024050000                _estack = (ORIGIN (RAM_D1) + LENGTH (RAM_D1))
                0x0000000000000800                _Min_Heap_Size = 0x800
                0x0000000000000a00                _Min_Stack_Size = 0xa00

.isr_vector     0x0000000008000000      0x2cc
                0x0000000008000000                . = ALIGN (0x4)
 *(.isr_vector)
 .isr_vector    0x0000000008000000      0x2cc ./Core/Startup/startup_stm32h723vetx.o
                0x0000000008000000                g_pfnVectors
                0x00000000080002cc                . = ALIGN (0x4)

.text           0x00000000080002cc     0x9eb8
                0x00000000080002cc                . = ALIGN (0x4)
 *(.text)
 .text          0x00000000080002cc       0x40 C:/ST/STM32CubeIDE_1.13.1/STM32CubeIDE/plugins/com.st.stm32cube.ide.mcu.externaltools.gnu-tools-for-stm32.11.3.rel1.win32_1.1.0.202305231506/tools/bin/../lib/gcc/arm-none-eabi/11.3.1/thumb/v7e-m+dp/hard/crtbegin.o
 .text          0x000000000800030c       0x30 C:/ST/STM32CubeIDE_1.13.1/STM32CubeIDE/plugins/com.st.stm32cube.ide.mcu.externaltools.gnu-tools-for-stm32.11.3.rel1.win32_1.1.0.202305231506/tools/bin/../lib/gcc/arm-none-eabi/11.3.1/thumb/v7e-m+dp/hard\libgcc.a(_aeabi_uldivmod.o)
                0x000000000800030c                __aeabi_uldivmod
 .text          0x000000000800033c      0x2c8 C:/ST/STM32CubeIDE_1.13.1/STM32CubeIDE/plugins/com.st.stm32cube.ide.mcu.externaltools.gnu-tools-for-stm32.11.3.rel1.win32_1.1.0.202305231506/tools/bin/../lib/gcc/arm-none-eabi/11.3.1/thumb/v7e-m+dp/hard\libgcc.a(_udivmoddi4.o)
                0x000000000800033c                __udivmoddi4
 .text          0x0000000008000604        0x4 C:/ST/STM32CubeIDE_1.13.1/STM32CubeIDE/plugins/com.st.stm32cube.ide.mcu.externaltools.gnu-tools-for-stm32.11.3.rel1.win32_1.1.0.202305231506/tools/bin/../lib/gcc/arm-none-eabi/11.3.1/thumb/v7e-m+dp/hard\libgcc.a(_dvmd_tls.o)
                0x0000000008000604                __aeabi_idiv0
                0x0000000008000604                __aeabi_ldiv0
 *(.text*)
 .text.__NVIC_EnableIRQ
                0x0000000008000608       0x3c ./Core/Src/main.o
 .text.get_data_by_polling
                0x0000000008000644       0xc4 ./Core/Src/main.o
                0x0000000008000644                get_data_by_polling
 .text.main     0x0000000008000708      0x38c ./Core/Src/main.o
                0x0000000008000708                main
 .text.SystemClock_Config
                0x0000000008000a94       0xe0 ./Core/Src/main.o
                0x0000000008000a94                SystemClock_Config
 .text.PeriphCommonClock_Config
                0x0000000008000b74       0x6a ./Core/Src/main.o
                0x0000000008000b74                PeriphCommonClock_Config
 *fill*         0x0000000008000bde        0x2 
 .text.MX_I2C1_Init
                0x0000000008000be0       0x84 ./Core/Src/main.o
 .text.MX_I2C2_Init
                0x0000000008000c64       0x84 ./Core/Src/main.o
 .text.MX_I2C3_Init
                0x0000000008000ce8       0x84 ./Core/Src/main.o
 .text.MX_I2C4_Init
                0x0000000008000d6c       0x84 ./Core/Src/main.o
 .text.MX_I2C5_Init
                0x0000000008000df0       0x88 ./Core/Src/main.o
 .text.MX_TIM3_Init
                0x0000000008000e78      0x130 ./Core/Src/main.o
 .text.MX_TIM15_Init
                0x0000000008000fa8       0xb0 ./Core/Src/main.o
 .text.MX_USART2_UART_Init
                0x0000000008001058       0x9c ./Core/Src/main.o
 .text.MX_GPIO_Init
                0x00000000080010f4      0x244 ./Core/Src/main.o
 .text.Error_Handler
                0x0000000008001338        0xa ./Core/Src/main.o
                0x0000000008001338                Error_Handler
 .text.RdByte   0x0000000008001342       0x66 ./Core/Src/platform.o
                0x0000000008001342                RdByte
 .text.WrByte   0x00000000080013a8       0x4c ./Core/Src/platform.o
                0x00000000080013a8                WrByte
 .text.WrMulti  0x00000000080013f4       0x3e ./Core/Src/platform.o
                0x00000000080013f4                WrMulti
 .text.RdMulti  0x0000000008001432       0x64 ./Core/Src/platform.o
                0x0000000008001432                RdMulti
 .text.SwapBuffer
                0x0000000008001496       0x6c ./Core/Src/platform.o
                0x0000000008001496                SwapBuffer
 .text.WaitMs   0x0000000008001502       0x1a ./Core/Src/platform.o
                0x0000000008001502                WaitMs
 .text.HAL_MspInit
                0x000000000800151c       0x34 ./Core/Src/stm32h7xx_hal_msp.o
                0x000000000800151c                HAL_MspInit
 .text.HAL_I2C_MspInit
                0x0000000008001550      0x298 ./Core/Src/stm32h7xx_hal_msp.o
                0x0000000008001550                HAL_I2C_MspInit
 .text.HAL_TIM_Base_MspInit
                0x00000000080017e8       0x44 ./Core/Src/stm32h7xx_hal_msp.o
                0x00000000080017e8                HAL_TIM_Base_MspInit
 .text.HAL_TIM_IC_MspInit
                0x000000000800182c       0x94 ./Core/Src/stm32h7xx_hal_msp.o
                0x000000000800182c                HAL_TIM_IC_MspInit
 .text.HAL_TIM_MspPostInit
                0x00000000080018c0       0xb8 ./Core/Src/stm32h7xx_hal_msp.o
                0x00000000080018c0                HAL_TIM_MspPostInit
 .text.HAL_UART_MspInit
                0x0000000008001978       0xd0 ./Core/Src/stm32h7xx_hal_msp.o
                0x0000000008001978                HAL_UART_MspInit
 .text.NMI_Handler
                0x0000000008001a48        0x6 ./Core/Src/stm32h7xx_it.o
                0x0000000008001a48                NMI_Handler
 .text.HardFault_Handler
                0x0000000008001a4e        0x6 ./Core/Src/stm32h7xx_it.o
                0x0000000008001a4e                HardFault_Handler
 .text.MemManage_Handler
                0x0000000008001a54        0x6 ./Core/Src/stm32h7xx_it.o
                0x0000000008001a54                MemManage_Handler
 .text.BusFault_Handler
                0x0000000008001a5a        0x6 ./Core/Src/stm32h7xx_it.o
                0x0000000008001a5a                BusFault_Handler
 .text.UsageFault_Handler
                0x0000000008001a60        0x6 ./Core/Src/stm32h7xx_it.o
                0x0000000008001a60                UsageFault_Handler
 .text.SVC_Handler
                0x0000000008001a66        0xe ./Core/Src/stm32h7xx_it.o
                0x0000000008001a66                SVC_Handler
 .text.DebugMon_Handler
                0x0000000008001a74        0xe ./Core/Src/stm32h7xx_it.o
                0x0000000008001a74                DebugMon_Handler
 .text.PendSV_Handler
                0x0000000008001a82        0xe ./Core/Src/stm32h7xx_it.o
                0x0000000008001a82                PendSV_Handler
 .text.SysTick_Handler
                0x0000000008001a90        0xc ./Core/Src/stm32h7xx_it.o
                0x0000000008001a90                SysTick_Handler
 .text.SystemInit
                0x0000000008001a9c       0xf8 ./Core/Src/system_stm32h7xx.o
                0x0000000008001a9c                SystemInit
 .text._vl53l5cx_poll_for_answer
                0x0000000008001b94       0xa0 ./Core/Src/vl53l5cx_api.o
 .text._vl53l5cx_poll_for_mcu_boot
                0x0000000008001c34       0x82 ./Core/Src/vl53l5cx_api.o
 *fill*         0x0000000008001cb6        0x2 
 .text._vl53l5cx_send_offset_data
                0x0000000008001cb8      0x398 ./Core/Src/vl53l5cx_api.o
 .text._vl53l5cx_send_xtalk_data
                0x0000000008002050      0x298 ./Core/Src/vl53l5cx_api.o
 .text.vl53l5cx_is_alive
                0x00000000080022e8       0x92 ./Core/Src/vl53l5cx_api.o
                0x00000000080022e8                vl53l5cx_is_alive
 *fill*         0x000000000800237a        0x2 
 .text.vl53l5cx_init
                0x000000000800237c      0x8d8 ./Core/Src/vl53l5cx_api.o
                0x000000000800237c                vl53l5cx_init
 .text.vl53l5cx_start_ranging
                0x0000000008002c54      0x2c8 ./Core/Src/vl53l5cx_api.o
                0x0000000008002c54                vl53l5cx_start_ranging
 .text.vl53l5cx_check_data_ready
                0x0000000008002f1c       0xa0 ./Core/Src/vl53l5cx_api.o
                0x0000000008002f1c                vl53l5cx_check_data_ready
 .text.vl53l5cx_get_ranging_data
                0x0000000008002fbc      0x1d8 ./Core/Src/vl53l5cx_api.o
                0x0000000008002fbc                vl53l5cx_get_ranging_data
 .text.vl53l5cx_get_resolution
                0x0000000008003194       0x4a ./Core/Src/vl53l5cx_api.o
                0x0000000008003194                vl53l5cx_get_resolution
 .text.vl53l5cx_set_resolution
                0x00000000080031de      0x1a8 ./Core/Src/vl53l5cx_api.o
                0x00000000080031de                vl53l5cx_set_resolution
 .text.vl53l5cx_set_ranging_frequency_hz
                0x0000000008003386       0x42 ./Core/Src/vl53l5cx_api.o
                0x0000000008003386                vl53l5cx_set_ranging_frequency_hz
 .text.vl53l5cx_set_ranging_mode
                0x00000000080033c8       0xae ./Core/Src/vl53l5cx_api.o
                0x00000000080033c8                vl53l5cx_set_ranging_mode
 *fill*         0x0000000008003476        0x2 
 .text.vl53l5cx_dci_read_data
                0x0000000008003478      0x114 ./Core/Src/vl53l5cx_api.o
                0x0000000008003478                vl53l5cx_dci_read_data
 .text.vl53l5cx_dci_write_data
                0x000000000800358c      0x13c ./Core/Src/vl53l5cx_api.o
                0x000000000800358c                vl53l5cx_dci_write_data
 .text.vl53l5cx_dci_replace_data
                0x00000000080036c8       0x58 ./Core/Src/vl53l5cx_api.o
                0x00000000080036c8                vl53l5cx_dci_replace_data
 .text.Reset_Handler
                0x0000000008003720       0x50 ./Core/Startup/startup_stm32h723vetx.o
                0x0000000008003720                Reset_Handler
 .text.Default_Handler
                0x0000000008003770        0x2 ./Core/Startup/startup_stm32h723vetx.o
                0x0000000008003770                RTC_Alarm_IRQHandler
                0x0000000008003770                EXTI2_IRQHandler
                0x0000000008003770                TIM8_CC_IRQHandler
                0x0000000008003770                UART8_IRQHandler
                0x0000000008003770                SPI4_IRQHandler
                0x0000000008003770                FDCAN3_IT0_IRQHandler
                0x0000000008003770                TIM1_CC_IRQHandler
                0x0000000008003770                BDMA_Channel6_IRQHandler
                0x0000000008003770                DMA2_Stream5_IRQHandler
                0x0000000008003770                DMA1_Stream5_IRQHandler
                0x0000000008003770                CORDIC_IRQHandler
                0x0000000008003770                BDMA_Channel1_IRQHandler
                0x0000000008003770                TAMP_STAMP_IRQHandler
                0x0000000008003770                EXTI3_IRQHandler
                0x0000000008003770                LPTIM4_IRQHandler
                0x0000000008003770                TIM8_TRG_COM_TIM14_IRQHandler
                0x0000000008003770                LPTIM2_IRQHandler
                0x0000000008003770                DFSDM1_FLT1_IRQHandler
                0x0000000008003770                DMAMUX2_OVR_IRQHandler
                0x0000000008003770                TIM8_UP_TIM13_IRQHandler
                0x0000000008003770                I2C3_ER_IRQHandler
                0x0000000008003770                DFSDM1_FLT2_IRQHandler
                0x0000000008003770                I2C5_EV_IRQHandler
                0x0000000008003770                USART10_IRQHandler
                0x0000000008003770                MDMA_IRQHandler
                0x0000000008003770                LPTIM3_IRQHandler
                0x0000000008003770                HSEM1_IRQHandler
                0x0000000008003770                EXTI0_IRQHandler
                0x0000000008003770                I2C2_EV_IRQHandler
                0x0000000008003770                DMA1_Stream2_IRQHandler
                0x0000000008003770                FPU_IRQHandler
                0x0000000008003770                OTG_HS_WKUP_IRQHandler
                0x0000000008003770                FDCAN1_IT1_IRQHandler
                0x0000000008003770                LTDC_ER_IRQHandler
                0x0000000008003770                DMA2_Stream2_IRQHandler
                0x0000000008003770                SPI1_IRQHandler
                0x0000000008003770                OCTOSPI1_IRQHandler
                0x0000000008003770                TIM6_DAC_IRQHandler
                0x0000000008003770                DMA2_Stream3_IRQHandler
                0x0000000008003770                OCTOSPI2_IRQHandler
                0x0000000008003770                DFSDM1_FLT3_IRQHandler
                0x0000000008003770                TIM23_IRQHandler
                0x0000000008003770                USART6_IRQHandler
                0x0000000008003770                TIM17_IRQHandler
                0x0000000008003770                USART3_IRQHandler
                0x0000000008003770                BDMA_Channel7_IRQHandler
                0x0000000008003770                LPTIM5_IRQHandler
                0x0000000008003770                UART5_IRQHandler
                0x0000000008003770                ADC3_IRQHandler
                0x0000000008003770                DMA2_Stream0_IRQHandler
                0x0000000008003770                TIM4_IRQHandler
                0x0000000008003770                BDMA_Channel2_IRQHandler
                0x0000000008003770                I2C1_EV_IRQHandler
                0x0000000008003770                DMA1_Stream6_IRQHandler
                0x0000000008003770                DMAMUX1_OVR_IRQHandler
                0x0000000008003770                DMA1_Stream1_IRQHandler
                0x0000000008003770                TIM16_IRQHandler
                0x0000000008003770                UART4_IRQHandler
                0x0000000008003770                BDMA_Channel5_IRQHandler
                0x0000000008003770                TIM3_IRQHandler
                0x0000000008003770                RCC_IRQHandler
                0x0000000008003770                UART9_IRQHandler
                0x0000000008003770                TIM8_BRK_TIM12_IRQHandler
                0x0000000008003770                TIM1_TRG_COM_IRQHandler
                0x0000000008003770                Default_Handler
                0x0000000008003770                ECC_IRQHandler
                0x0000000008003770                FMAC_IRQHandler
                0x0000000008003770                CEC_IRQHandler
                0x0000000008003770                EXTI15_10_IRQHandler
                0x0000000008003770                BDMA_Channel0_IRQHandler
                0x0000000008003770                ADC_IRQHandler
                0x0000000008003770                I2C5_ER_IRQHandler
                0x0000000008003770                DMA1_Stream7_IRQHandler
                0x0000000008003770                SPI5_IRQHandler
                0x0000000008003770                TIM7_IRQHandler
                0x0000000008003770                FDCAN3_IT1_IRQHandler
                0x0000000008003770                SDMMC1_IRQHandler
                0x0000000008003770                TIM5_IRQHandler
                0x0000000008003770                DMA2_Stream7_IRQHandler
                0x0000000008003770                TIM15_IRQHandler
                0x0000000008003770                PVD_AVD_IRQHandler
                0x0000000008003770                I2C3_EV_IRQHandler
                0x0000000008003770                EXTI9_5_IRQHandler
                0x0000000008003770                RTC_WKUP_IRQHandler
                0x0000000008003770                LTDC_IRQHandler
                0x0000000008003770                ETH_WKUP_IRQHandler
                0x0000000008003770                SPDIF_RX_IRQHandler
                0x0000000008003770                SPI2_IRQHandler
                0x0000000008003770                OTG_HS_EP1_IN_IRQHandler
                0x0000000008003770                DMA1_Stream0_IRQHandler
                0x0000000008003770                TIM24_IRQHandler
                0x0000000008003770                CRS_IRQHandler
                0x0000000008003770                EXTI4_IRQHandler
                0x0000000008003770                RNG_IRQHandler
                0x0000000008003770                FDCAN2_IT1_IRQHandler
                0x0000000008003770                ETH_IRQHandler
                0x0000000008003770                TIM1_UP_IRQHandler
                0x0000000008003770                BDMA_Channel4_IRQHandler
                0x0000000008003770                OTG_HS_EP1_OUT_IRQHandler
                0x0000000008003770                WWDG_IRQHandler
                0x0000000008003770                SPI6_IRQHandler
                0x0000000008003770                MDIOS_IRQHandler
                0x0000000008003770                I2C4_EV_IRQHandler
                0x0000000008003770                FDCAN2_IT0_IRQHandler
                0x0000000008003770                LPUART1_IRQHandler
                0x0000000008003770                FDCAN1_IT0_IRQHandler
                0x0000000008003770                TIM2_IRQHandler
                0x0000000008003770                OTG_HS_IRQHandler
                0x0000000008003770                DMA2D_IRQHandler
                0x0000000008003770                TIM1_BRK_IRQHandler
                0x0000000008003770                EXTI1_IRQHandler
                0x0000000008003770                SDMMC2_IRQHandler
                0x0000000008003770                BDMA_Channel3_IRQHandler
                0x0000000008003770                DTS_IRQHandler
                0x0000000008003770                UART7_IRQHandler
                0x0000000008003770                MDIOS_WKUP_IRQHandler
                0x0000000008003770                USART2_IRQHandler
                0x0000000008003770                DFSDM1_FLT0_IRQHandler
                0x0000000008003770                SAI4_IRQHandler
                0x0000000008003770                I2C2_ER_IRQHandler
                0x0000000008003770                DMA2_Stream1_IRQHandler
                0x0000000008003770                FLASH_IRQHandler
                0x0000000008003770                DMA2_Stream4_IRQHandler
                0x0000000008003770                USART1_IRQHandler
                0x0000000008003770                SPI3_IRQHandler
                0x0000000008003770                WAKEUP_PIN_IRQHandler
                0x0000000008003770                DMA1_Stream4_IRQHandler
                0x0000000008003770                I2C1_ER_IRQHandler
                0x0000000008003770                FMC_IRQHandler
                0x0000000008003770                FDCAN_CAL_IRQHandler
                0x0000000008003770                SWPMI1_IRQHandler
                0x0000000008003770                COMP1_IRQHandler
                0x0000000008003770                LPTIM1_IRQHandler
                0x0000000008003770                DCMI_PSSI_IRQHandler
                0x0000000008003770                I2C4_ER_IRQHandler
                0x0000000008003770                DMA2_Stream6_IRQHandler
                0x0000000008003770                SAI1_IRQHandler
                0x0000000008003770                DMA1_Stream3_IRQHandler
 *fill*         0x0000000008003772        0x2 
 .text.HAL_Init
                0x0000000008003774       0x78 ./Drivers/STM32H7xx_HAL_Driver/Src/stm32h7xx_hal.o
                0x0000000008003774                HAL_Init
 .text.HAL_InitTick
                0x00000000080037ec       0x6c ./Drivers/STM32H7xx_HAL_Driver/Src/stm32h7xx_hal.o
                0x00000000080037ec                HAL_InitTick
 .text.HAL_IncTick
                0x0000000008003858       0x28 ./Drivers/STM32H7xx_HAL_Driver/Src/stm32h7xx_hal.o
                0x0000000008003858                HAL_IncTick
 .text.HAL_GetTick
                0x0000000008003880       0x18 ./Drivers/STM32H7xx_HAL_Driver/Src/stm32h7xx_hal.o
                0x0000000008003880                HAL_GetTick
 .text.HAL_Delay
                0x0000000008003898       0x48 ./Drivers/STM32H7xx_HAL_Driver/Src/stm32h7xx_hal.o
                0x0000000008003898                HAL_Delay
 .text.__NVIC_SetPriorityGrouping
                0x00000000080038e0       0x48 ./Drivers/STM32H7xx_HAL_Driver/Src/stm32h7xx_hal_cortex.o
 .text.__NVIC_GetPriorityGrouping
                0x0000000008003928       0x1c ./Drivers/STM32H7xx_HAL_Driver/Src/stm32h7xx_hal_cortex.o
 .text.__NVIC_SetPriority
                0x0000000008003944       0x54 ./Drivers/STM32H7xx_HAL_Driver/Src/stm32h7xx_hal_cortex.o
 .text.NVIC_EncodePriority
                0x0000000008003998       0x66 ./Drivers/STM32H7xx_HAL_Driver/Src/stm32h7xx_hal_cortex.o
 *fill*         0x00000000080039fe        0x2 
 .text.SysTick_Config
                0x0000000008003a00       0x44 ./Drivers/STM32H7xx_HAL_Driver/Src/stm32h7xx_hal_cortex.o
 .text.HAL_NVIC_SetPriorityGrouping
                0x0000000008003a44       0x16 ./Drivers/STM32H7xx_HAL_Driver/Src/stm32h7xx_hal_cortex.o
                0x0000000008003a44                HAL_NVIC_SetPriorityGrouping
 .text.HAL_NVIC_SetPriority
                0x0000000008003a5a       0x34 ./Drivers/STM32H7xx_HAL_Driver/Src/stm32h7xx_hal_cortex.o
                0x0000000008003a5a                HAL_NVIC_SetPriority
 .text.HAL_SYSTICK_Config
                0x0000000008003a8e       0x18 ./Drivers/STM32H7xx_HAL_Driver/Src/stm32h7xx_hal_cortex.o
                0x0000000008003a8e                HAL_SYSTICK_Config
 *fill*         0x0000000008003aa6        0x2 
 .text.HAL_GPIO_Init
                0x0000000008003aa8      0x350 ./Drivers/STM32H7xx_HAL_Driver/Src/stm32h7xx_hal_gpio.o
                0x0000000008003aa8                HAL_GPIO_Init
 .text.HAL_GPIO_WritePin
                0x0000000008003df8       0x32 ./Drivers/STM32H7xx_HAL_Driver/Src/stm32h7xx_hal_gpio.o
                0x0000000008003df8                HAL_GPIO_WritePin
 *fill*         0x0000000008003e2a        0x2 
 .text.HAL_I2C_Init
                0x0000000008003e2c      0x120 ./Drivers/STM32H7xx_HAL_Driver/Src/stm32h7xx_hal_i2c.o
                0x0000000008003e2c                HAL_I2C_Init
 .text.HAL_I2C_Master_Transmit
                0x0000000008003f4c      0x1e8 ./Drivers/STM32H7xx_HAL_Driver/Src/stm32h7xx_hal_i2c.o
                0x0000000008003f4c                HAL_I2C_Master_Transmit
 .text.HAL_I2C_Master_Receive
                0x0000000008004134      0x1ec ./Drivers/STM32H7xx_HAL_Driver/Src/stm32h7xx_hal_i2c.o
                0x0000000008004134                HAL_I2C_Master_Receive
 .text.HAL_I2C_Mem_Write
                0x0000000008004320      0x228 ./Drivers/STM32H7xx_HAL_Driver/Src/stm32h7xx_hal_i2c.o
                0x0000000008004320                HAL_I2C_Mem_Write
 .text.I2C_RequestMemoryWrite
                0x0000000008004548       0xa8 ./Drivers/STM32H7xx_HAL_Driver/Src/stm32h7xx_hal_i2c.o
 .text.I2C_Flush_TXDR
                0x00000000080045f0       0x48 ./Drivers/STM32H7xx_HAL_Driver/Src/stm32h7xx_hal_i2c.o
 .text.I2C_WaitOnFlagUntilTimeout
                0x0000000008004638       0x9e ./Drivers/STM32H7xx_HAL_Driver/Src/stm32h7xx_hal_i2c.o
 .text.I2C_WaitOnTXISFlagUntilTimeout
                0x00000000080046d6       0x8e ./Drivers/STM32H7xx_HAL_Driver/Src/stm32h7xx_hal_i2c.o
 .text.I2C_WaitOnSTOPFlagUntilTimeout
                0x0000000008004764       0x86 ./Drivers/STM32H7xx_HAL_Driver/Src/stm32h7xx_hal_i2c.o
 *fill*         0x00000000080047ea        0x2 
 .text.I2C_WaitOnRXNEFlagUntilTimeout
                0x00000000080047ec      0x104 ./Drivers/STM32H7xx_HAL_Driver/Src/stm32h7xx_hal_i2c.o
 .text.I2C_IsErrorOccurred
                0x00000000080048f0      0x1c0 ./Drivers/STM32H7xx_HAL_Driver/Src/stm32h7xx_hal_i2c.o
 .text.I2C_TransferConfig
                0x0000000008004ab0       0x64 ./Drivers/STM32H7xx_HAL_Driver/Src/stm32h7xx_hal_i2c.o
 .text.HAL_I2CEx_ConfigAnalogFilter
                0x0000000008004b14       0x96 ./Drivers/STM32H7xx_HAL_Driver/Src/stm32h7xx_hal_i2c_ex.o
                0x0000000008004b14                HAL_I2CEx_ConfigAnalogFilter
 .text.HAL_I2CEx_ConfigDigitalFilter
                0x0000000008004baa       0x98 ./Drivers/STM32H7xx_HAL_Driver/Src/stm32h7xx_hal_i2c_ex.o
                0x0000000008004baa                HAL_I2CEx_ConfigDigitalFilter
 *fill*         0x0000000008004c42        0x2 
 .text.HAL_I2CEx_EnableFastModePlus
                0x0000000008004c44       0x48 ./Drivers/STM32H7xx_HAL_Driver/Src/stm32h7xx_hal_i2c_ex.o
                0x0000000008004c44                HAL_I2CEx_EnableFastModePlus
 .text.HAL_PWREx_ConfigSupply
                0x0000000008004c8c       0x74 ./Drivers/STM32H7xx_HAL_Driver/Src/stm32h7xx_hal_pwr_ex.o
                0x0000000008004c8c                HAL_PWREx_ConfigSupply
 .text.HAL_RCC_OscConfig
                0x0000000008004d00      0x7b4 ./Drivers/STM32H7xx_HAL_Driver/Src/stm32h7xx_hal_rcc.o
                0x0000000008004d00                HAL_RCC_OscConfig
 .text.HAL_RCC_ClockConfig
                0x00000000080054b4      0x36c ./Drivers/STM32H7xx_HAL_Driver/Src/stm32h7xx_hal_rcc.o
                0x00000000080054b4                HAL_RCC_ClockConfig
 .text.HAL_RCC_GetSysClockFreq
                0x0000000008005820      0x2f4 ./Drivers/STM32H7xx_HAL_Driver/Src/stm32h7xx_hal_rcc.o
                0x0000000008005820                HAL_RCC_GetSysClockFreq
 .text.HAL_RCC_GetHCLKFreq
                0x0000000008005b14       0x60 ./Drivers/STM32H7xx_HAL_Driver/Src/stm32h7xx_hal_rcc.o
                0x0000000008005b14                HAL_RCC_GetHCLKFreq
 .text.HAL_RCC_GetPCLK1Freq
                0x0000000008005b74       0x2c ./Drivers/STM32H7xx_HAL_Driver/Src/stm32h7xx_hal_rcc.o
                0x0000000008005b74                HAL_RCC_GetPCLK1Freq
 .text.HAL_RCC_GetPCLK2Freq
                0x0000000008005ba0       0x2c ./Drivers/STM32H7xx_HAL_Driver/Src/stm32h7xx_hal_rcc.o
                0x0000000008005ba0                HAL_RCC_GetPCLK2Freq
 .text.HAL_RCCEx_PeriphCLKConfig
                0x0000000008005bcc     0x1340 ./Drivers/STM32H7xx_HAL_Driver/Src/stm32h7xx_hal_rcc_ex.o
                0x0000000008005bcc                HAL_RCCEx_PeriphCLKConfig
 .text.HAL_RCCEx_GetD3PCLK1Freq
                0x0000000008006f0c       0x2c ./Drivers/STM32H7xx_HAL_Driver/Src/stm32h7xx_hal_rcc_ex.o
                0x0000000008006f0c                HAL_RCCEx_GetD3PCLK1Freq
 .text.HAL_RCCEx_GetPLL2ClockFreq
                0x0000000008006f38      0x2a8 ./Drivers/STM32H7xx_HAL_Driver/Src/stm32h7xx_hal_rcc_ex.o
                0x0000000008006f38                HAL_RCCEx_GetPLL2ClockFreq
 .text.HAL_RCCEx_GetPLL3ClockFreq
                0x00000000080071e0      0x2a8 ./Drivers/STM32H7xx_HAL_Driver/Src/stm32h7xx_hal_rcc_ex.o
                0x00000000080071e0                HAL_RCCEx_GetPLL3ClockFreq
 .text.RCCEx_PLL2_Config
                0x0000000008007488      0x164 ./Drivers/STM32H7xx_HAL_Driver/Src/stm32h7xx_hal_rcc_ex.o
 .text.RCCEx_PLL3_Config
                0x00000000080075ec      0x164 ./Drivers/STM32H7xx_HAL_Driver/Src/stm32h7xx_hal_rcc_ex.o
 .text.HAL_TIM_Base_Init
                0x0000000008007750       0xae ./Drivers/STM32H7xx_HAL_Driver/Src/stm32h7xx_hal_tim.o
                0x0000000008007750                HAL_TIM_Base_Init
 .text.HAL_TIM_PWM_Init
                0x00000000080077fe       0xae ./Drivers/STM32H7xx_HAL_Driver/Src/stm32h7xx_hal_tim.o
                0x00000000080077fe                HAL_TIM_PWM_Init
 .text.HAL_TIM_PWM_MspInit
                0x00000000080078ac       0x14 ./Drivers/STM32H7xx_HAL_Driver/Src/stm32h7xx_hal_tim.o
                0x00000000080078ac                HAL_TIM_PWM_MspInit
 .text.HAL_TIM_IC_Init
                0x00000000080078c0       0xae ./Drivers/STM32H7xx_HAL_Driver/Src/stm32h7xx_hal_tim.o
                0x00000000080078c0                HAL_TIM_IC_Init
 .text.HAL_TIM_IC_ConfigChannel
                0x000000000800796e      0x138 ./Drivers/STM32H7xx_HAL_Driver/Src/stm32h7xx_hal_tim.o
                0x000000000800796e                HAL_TIM_IC_ConfigChannel
 *fill*         0x0000000008007aa6        0x2 
 .text.HAL_TIM_PWM_ConfigChannel
                0x0000000008007aa8      0x228 ./Drivers/STM32H7xx_HAL_Driver/Src/stm32h7xx_hal_tim.o
                0x0000000008007aa8                HAL_TIM_PWM_ConfigChannel
 .text.HAL_TIM_ConfigClockSource
                0x0000000008007cd0      0x1f0 ./Drivers/STM32H7xx_HAL_Driver/Src/stm32h7xx_hal_tim.o
                0x0000000008007cd0                HAL_TIM_ConfigClockSource
 .text.TIM_Base_SetConfig
                0x0000000008007ec0      0x14c ./Drivers/STM32H7xx_HAL_Driver/Src/stm32h7xx_hal_tim.o
                0x0000000008007ec0                TIM_Base_SetConfig
 .text.TIM_OC1_SetConfig
                0x000000000800800c      0x120 ./Drivers/STM32H7xx_HAL_Driver/Src/stm32h7xx_hal_tim.o
 .text.TIM_OC2_SetConfig
                0x000000000800812c      0x114 ./Drivers/STM32H7xx_HAL_Driver/Src/stm32h7xx_hal_tim.o
                0x000000000800812c                TIM_OC2_SetConfig
 .text.TIM_OC3_SetConfig
                0x0000000008008240      0x110 ./Drivers/STM32H7xx_HAL_Driver/Src/stm32h7xx_hal_tim.o
 .text.TIM_OC4_SetConfig
                0x0000000008008350       0xd4 ./Drivers/STM32H7xx_HAL_Driver/Src/stm32h7xx_hal_tim.o
 .text.TIM_OC5_SetConfig
                0x0000000008008424       0xc8 ./Drivers/STM32H7xx_HAL_Driver/Src/stm32h7xx_hal_tim.o
 .text.TIM_OC6_SetConfig
                0x00000000080084ec       0xcc ./Drivers/STM32H7xx_HAL_Driver/Src/stm32h7xx_hal_tim.o
 .text.TIM_TI1_SetConfig
                0x00000000080085b8      0x100 ./Drivers/STM32H7xx_HAL_Driver/Src/stm32h7xx_hal_tim.o
                0x00000000080085b8                TIM_TI1_SetConfig
 .text.TIM_TI1_ConfigInputStage
                0x00000000080086b8       0x5e ./Drivers/STM32H7xx_HAL_Driver/Src/stm32h7xx_hal_tim.o
 .text.TIM_TI2_SetConfig
                0x0000000008008716       0x7a ./Drivers/STM32H7xx_HAL_Driver/Src/stm32h7xx_hal_tim.o
 .text.TIM_TI2_ConfigInputStage
                0x0000000008008790       0x60 ./Drivers/STM32H7xx_HAL_Driver/Src/stm32h7xx_hal_tim.o
 .text.TIM_TI3_SetConfig
                0x00000000080087f0       0x78 ./Drivers/STM32H7xx_HAL_Driver/Src/stm32h7xx_hal_tim.o
 .text.TIM_TI4_SetConfig
                0x0000000008008868       0x7a ./Drivers/STM32H7xx_HAL_Driver/Src/stm32h7xx_hal_tim.o
 *fill*         0x00000000080088e2        0x2 
 .text.TIM_ITRx_SetConfig
                0x00000000080088e4       0x3c ./Drivers/STM32H7xx_HAL_Driver/Src/stm32h7xx_hal_tim.o
 .text.TIM_ETR_SetConfig
                0x0000000008008920       0x40 ./Drivers/STM32H7xx_HAL_Driver/Src/stm32h7xx_hal_tim.o
                0x0000000008008920                TIM_ETR_SetConfig
 .text.HAL_TIMEx_MasterConfigSynchronization
                0x0000000008008960      0x138 ./Drivers/STM32H7xx_HAL_Driver/Src/stm32h7xx_hal_tim_ex.o
                0x0000000008008960                HAL_TIMEx_MasterConfigSynchronization
 .text.HAL_UART_Init
                0x0000000008008a98       0xa0 ./Drivers/STM32H7xx_HAL_Driver/Src/stm32h7xx_hal_uart.o
                0x0000000008008a98                HAL_UART_Init
 .text.HAL_UART_Transmit
                0x0000000008008b38      0x11c ./Drivers/STM32H7xx_HAL_Driver/Src/stm32h7xx_hal_uart.o
                0x0000000008008b38                HAL_UART_Transmit
 .text.HAL_UART_Receive
                0x0000000008008c54      0x190 ./Drivers/STM32H7xx_HAL_Driver/Src/stm32h7xx_hal_uart.o
                0x0000000008008c54                HAL_UART_Receive
 .text.UART_SetConfig
                0x0000000008008de4      0xcd8 ./Drivers/STM32H7xx_HAL_Driver/Src/stm32h7xx_hal_uart.o
                0x0000000008008de4                UART_SetConfig
 .text.UART_AdvFeatureConfig
                0x0000000008009abc      0x144 ./Drivers/STM32H7xx_HAL_Driver/Src/stm32h7xx_hal_uart.o
                0x0000000008009abc                UART_AdvFeatureConfig
 .text.UART_CheckIdleState
                0x0000000008009c00      0x154 ./Drivers/STM32H7xx_HAL_Driver/Src/stm32h7xx_hal_uart.o
                0x0000000008009c00                UART_CheckIdleState
 .text.UART_WaitOnFlagUntilTimeout
                0x0000000008009d54       0xce ./Drivers/STM32H7xx_HAL_Driver/Src/stm32h7xx_hal_uart.o
                0x0000000008009d54                UART_WaitOnFlagUntilTimeout
 *fill*         0x0000000008009e22        0x2 
 .text.UART_EndRxTransfer
                0x0000000008009e24       0xcc ./Drivers/STM32H7xx_HAL_Driver/Src/stm32h7xx_hal_uart.o
 .text.HAL_UARTEx_DisableFifoMode
                0x0000000008009ef0       0x72 ./Drivers/STM32H7xx_HAL_Driver/Src/stm32h7xx_hal_uart_ex.o
                0x0000000008009ef0                HAL_UARTEx_DisableFifoMode
 .text.HAL_UARTEx_SetTxFifoThreshold
                0x0000000008009f62       0x7c ./Drivers/STM32H7xx_HAL_Driver/Src/stm32h7xx_hal_uart_ex.o
                0x0000000008009f62                HAL_UARTEx_SetTxFifoThreshold
 .text.HAL_UARTEx_SetRxFifoThreshold
                0x0000000008009fde       0x7c ./Drivers/STM32H7xx_HAL_Driver/Src/stm32h7xx_hal_uart_ex.o
                0x0000000008009fde                HAL_UARTEx_SetRxFifoThreshold
 *fill*         0x000000000800a05a        0x2 
 .text.UARTEx_SetNbDataToProcess
                0x000000000800a05c       0x9c ./Drivers/STM32H7xx_HAL_Driver/Src/stm32h7xx_hal_uart_ex.o
 .text.memset   0x000000000800a0f8       0x10 C:/ST/STM32CubeIDE_1.13.1/STM32CubeIDE/plugins/com.st.stm32cube.ide.mcu.externaltools.gnu-tools-for-stm32.11.3.rel1.win32_1.1.0.202305231506/tools/bin/../lib/gcc/arm-none-eabi/11.3.1/../../../../arm-none-eabi/lib/thumb/v7e-m+dp/hard\libc_nano.a(libc_a-memset.o)
                0x000000000800a0f8                memset
 .text.__libc_init_array
                0x000000000800a108       0x48 C:/ST/STM32CubeIDE_1.13.1/STM32CubeIDE/plugins/com.st.stm32cube.ide.mcu.externaltools.gnu-tools-for-stm32.11.3.rel1.win32_1.1.0.202305231506/tools/bin/../lib/gcc/arm-none-eabi/11.3.1/../../../../arm-none-eabi/lib/thumb/v7e-m+dp/hard\libc_nano.a(libc_a-init.o)
                0x000000000800a108                __libc_init_array
 .text.memcpy   0x000000000800a150       0x1c C:/ST/STM32CubeIDE_1.13.1/STM32CubeIDE/plugins/com.st.stm32cube.ide.mcu.externaltools.gnu-tools-for-stm32.11.3.rel1.win32_1.1.0.202305231506/tools/bin/../lib/gcc/arm-none-eabi/11.3.1/../../../../arm-none-eabi/lib/thumb/v7e-m+dp/hard\libc_nano.a(libc_a-memcpy-stub.o)
                0x000000000800a150                memcpy
 *(.glue_7)
 .glue_7        0x000000000800a16c        0x0 linker stubs
 *(.glue_7t)
 .glue_7t       0x000000000800a16c        0x0 linker stubs
 *(.eh_frame)
 .eh_frame      0x000000000800a16c        0x0 C:/ST/STM32CubeIDE_1.13.1/STM32CubeIDE/plugins/com.st.stm32cube.ide.mcu.externaltools.gnu-tools-for-stm32.11.3.rel1.win32_1.1.0.202305231506/tools/bin/../lib/gcc/arm-none-eabi/11.3.1/thumb/v7e-m+dp/hard/crtbegin.o
 *(.init)
 .init          0x000000000800a16c        0x4 C:/ST/STM32CubeIDE_1.13.1/STM32CubeIDE/plugins/com.st.stm32cube.ide.mcu.externaltools.gnu-tools-for-stm32.11.3.rel1.win32_1.1.0.202305231506/tools/bin/../lib/gcc/arm-none-eabi/11.3.1/thumb/v7e-m+dp/hard/crti.o
                0x000000000800a16c                _init
 .init          0x000000000800a170        0x8 C:/ST/STM32CubeIDE_1.13.1/STM32CubeIDE/plugins/com.st.stm32cube.ide.mcu.externaltools.gnu-tools-for-stm32.11.3.rel1.win32_1.1.0.202305231506/tools/bin/../lib/gcc/arm-none-eabi/11.3.1/thumb/v7e-m+dp/hard/crtn.o
 *(.fini)
 .fini          0x000000000800a178        0x4 C:/ST/STM32CubeIDE_1.13.1/STM32CubeIDE/plugins/com.st.stm32cube.ide.mcu.externaltools.gnu-tools-for-stm32.11.3.rel1.win32_1.1.0.202305231506/tools/bin/../lib/gcc/arm-none-eabi/11.3.1/thumb/v7e-m+dp/hard/crti.o
                0x000000000800a178                _fini
 .fini          0x000000000800a17c        0x8 C:/ST/STM32CubeIDE_1.13.1/STM32CubeIDE/plugins/com.st.stm32cube.ide.mcu.externaltools.gnu-tools-for-stm32.11.3.rel1.win32_1.1.0.202305231506/tools/bin/../lib/gcc/arm-none-eabi/11.3.1/thumb/v7e-m+dp/hard/crtn.o
                0x000000000800a184                . = ALIGN (0x4)
                0x000000000800a184                _etext = .

.vfp11_veneer   0x000000000800a184        0x0
 .vfp11_veneer  0x000000000800a184        0x0 linker stubs

.v4_bx          0x000000000800a184        0x0
 .v4_bx         0x000000000800a184        0x0 linker stubs

.iplt           0x000000000800a184        0x0
 .iplt          0x000000000800a184        0x0 C:/ST/STM32CubeIDE_1.13.1/STM32CubeIDE/plugins/com.st.stm32cube.ide.mcu.externaltools.gnu-tools-for-stm32.11.3.rel1.win32_1.1.0.202305231506/tools/bin/../lib/gcc/arm-none-eabi/11.3.1/thumb/v7e-m+dp/hard/crtbegin.o

.rodata         0x000000000800a184    0x157a0
                0x000000000800a184                . = ALIGN (0x4)
 *(.rodata)
 .rodata        0x000000000800a184       0x6c ./Core/Src/vl53l5cx_api.o
 *(.rodata*)
 .rodata.D1CorePrescTable
                0x000000000800a1f0       0x10 ./Core/Src/system_stm32h7xx.o
                0x000000000800a1f0                D1CorePrescTable
 .rodata.VL53L5CX_FIRMWARE
                0x000000000800a200    0x15000 ./Core/Src/vl53l5cx_api.o
                0x000000000800a200                VL53L5CX_FIRMWARE
 .rodata.VL53L5CX_DEFAULT_CONFIGURATION
                0x000000000801f200      0x3cc ./Core/Src/vl53l5cx_api.o
                0x000000000801f200                VL53L5CX_DEFAULT_CONFIGURATION
 .rodata.VL53L5CX_DEFAULT_XTALK
                0x000000000801f5cc      0x308 ./Core/Src/vl53l5cx_api.o
                0x000000000801f5cc                VL53L5CX_DEFAULT_XTALK
 .rodata.VL53L5CX_GET_NVM_CMD
                0x000000000801f8d4       0x28 ./Core/Src/vl53l5cx_api.o
                0x000000000801f8d4                VL53L5CX_GET_NVM_CMD
 .rodata.UARTPrescTable
                0x000000000801f8fc       0x18 ./Drivers/STM32H7xx_HAL_Driver/Src/stm32h7xx_hal_uart.o
                0x000000000801f8fc                UARTPrescTable
 .rodata.numerator.1
                0x000000000801f914        0x8 ./Drivers/STM32H7xx_HAL_Driver/Src/stm32h7xx_hal_uart_ex.o
 .rodata.denominator.0
                0x000000000801f91c        0x8 ./Drivers/STM32H7xx_HAL_Driver/Src/stm32h7xx_hal_uart_ex.o
                0x000000000801f924                . = ALIGN (0x4)

.ARM.extab
 *(.ARM.extab* .gnu.linkonce.armextab.*)

.ARM            0x000000000801f924        0x8
                0x000000000801f924                __exidx_start = .
 *(.ARM.exidx*)
 .ARM.exidx     0x000000000801f924        0x8 C:/ST/STM32CubeIDE_1.13.1/STM32CubeIDE/plugins/com.st.stm32cube.ide.mcu.externaltools.gnu-tools-for-stm32.11.3.rel1.win32_1.1.0.202305231506/tools/bin/../lib/gcc/arm-none-eabi/11.3.1/thumb/v7e-m+dp/hard\libgcc.a(_udivmoddi4.o)
                0x000000000801f92c                __exidx_end = .

.rel.dyn        0x000000000801f92c        0x0
 .rel.iplt      0x000000000801f92c        0x0 C:/ST/STM32CubeIDE_1.13.1/STM32CubeIDE/plugins/com.st.stm32cube.ide.mcu.externaltools.gnu-tools-for-stm32.11.3.rel1.win32_1.1.0.202305231506/tools/bin/../lib/gcc/arm-none-eabi/11.3.1/thumb/v7e-m+dp/hard/crtbegin.o

.preinit_array  0x000000000801f92c        0x0
                0x000000000801f92c                PROVIDE (__preinit_array_start = .)
 *(.preinit_array*)
                0x000000000801f92c                PROVIDE (__preinit_array_end = .)

.init_array     0x000000000801f92c        0x4
                0x000000000801f92c                PROVIDE (__init_array_start = .)
 *(SORT_BY_NAME(.init_array.*))
 *(.init_array*)
 .init_array    0x000000000801f92c        0x4 C:/ST/STM32CubeIDE_1.13.1/STM32CubeIDE/plugins/com.st.stm32cube.ide.mcu.externaltools.gnu-tools-for-stm32.11.3.rel1.win32_1.1.0.202305231506/tools/bin/../lib/gcc/arm-none-eabi/11.3.1/thumb/v7e-m+dp/hard/crtbegin.o
                0x000000000801f930                PROVIDE (__init_array_end = .)

.fini_array     0x000000000801f930        0x4
                [!provide]                        PROVIDE (__fini_array_start = .)
 *(SORT_BY_NAME(.fini_array.*))
 *(.fini_array*)
 .fini_array    0x000000000801f930        0x4 C:/ST/STM32CubeIDE_1.13.1/STM32CubeIDE/plugins/com.st.stm32cube.ide.mcu.externaltools.gnu-tools-for-stm32.11.3.rel1.win32_1.1.0.202305231506/tools/bin/../lib/gcc/arm-none-eabi/11.3.1/thumb/v7e-m+dp/hard/crtbegin.o
                [!provide]                        PROVIDE (__fini_array_end = .)
                0x000000000801f934                _sidata = LOADADDR (.data)

.data           0x0000000024000000       0x10 load address 0x000000000801f934
                0x0000000024000000                . = ALIGN (0x4)
                0x0000000024000000                _sdata = .
 *(.data)
 *(.data*)
 .data.SystemCoreClock
                0x0000000024000000        0x4 ./Core/Src/system_stm32h7xx.o
                0x0000000024000000                SystemCoreClock
 .data.SystemD2Clock
                0x0000000024000004        0x4 ./Core/Src/system_stm32h7xx.o
                0x0000000024000004                SystemD2Clock
 .data.uwTickPrio
                0x0000000024000008        0x4 ./Drivers/STM32H7xx_HAL_Driver/Src/stm32h7xx_hal.o
                0x0000000024000008                uwTickPrio
 .data.uwTickFreq
                0x000000002400000c        0x1 ./Drivers/STM32H7xx_HAL_Driver/Src/stm32h7xx_hal.o
                0x000000002400000c                uwTickFreq
 *(.RamFunc)
 *(.RamFunc*)
                0x0000000024000010                . = ALIGN (0x4)
 *fill*         0x000000002400000d        0x3 
                0x0000000024000010                _edata = .

.igot.plt       0x0000000024000010        0x0 load address 0x000000000801f944
 .igot.plt      0x0000000024000010        0x0 C:/ST/STM32CubeIDE_1.13.1/STM32CubeIDE/plugins/com.st.stm32cube.ide.mcu.externaltools.gnu-tools-for-stm32.11.3.rel1.win32_1.1.0.202305231506/tools/bin/../lib/gcc/arm-none-eabi/11.3.1/thumb/v7e-m+dp/hard/crtbegin.o
                0x0000000024000010                . = ALIGN (0x4)

.bss            0x0000000024000010     0x3404 load address 0x000000000801f944
                0x0000000024000010                _sbss = .
                0x0000000024000010                __bss_start__ = _sbss
 *(.bss)
 .bss           0x0000000024000010       0x1c C:/ST/STM32CubeIDE_1.13.1/STM32CubeIDE/plugins/com.st.stm32cube.ide.mcu.externaltools.gnu-tools-for-stm32.11.3.rel1.win32_1.1.0.202305231506/tools/bin/../lib/gcc/arm-none-eabi/11.3.1/thumb/v7e-m+dp/hard/crtbegin.o
 *(.bss*)
 .bss.hi2c1     0x000000002400002c       0x54 ./Core/Src/main.o
                0x000000002400002c                hi2c1
 .bss.hi2c2     0x0000000024000080       0x54 ./Core/Src/main.o
                0x0000000024000080                hi2c2
 .bss.hi2c3     0x00000000240000d4       0x54 ./Core/Src/main.o
                0x00000000240000d4                hi2c3
 .bss.hi2c4     0x0000000024000128       0x54 ./Core/Src/main.o
                0x0000000024000128                hi2c4
 .bss.hi2c5     0x000000002400017c       0x54 ./Core/Src/main.o
                0x000000002400017c                hi2c5
 .bss.htim3     0x00000000240001d0       0x4c ./Core/Src/main.o
                0x00000000240001d0                htim3
 .bss.htim15    0x000000002400021c       0x4c ./Core/Src/main.o
                0x000000002400021c                htim15
 .bss.huart2    0x0000000024000268       0x94 ./Core/Src/main.o
                0x0000000024000268                huart2
 .bss.Sensor1   0x00000000240002fc      0x9d0 ./Core/Src/main.o
                0x00000000240002fc                Sensor1
 .bss.Sensor2   0x0000000024000ccc      0x9d0 ./Core/Src/main.o
                0x0000000024000ccc                Sensor2
 .bss.Sensor3   0x000000002400169c      0x9d0 ./Core/Src/main.o
                0x000000002400169c                Sensor3
 .bss.Sensor4   0x000000002400206c      0x9d0 ./Core/Src/main.o
                0x000000002400206c                Sensor4
 .bss.Sensor5   0x0000000024002a3c      0x9d0 ./Core/Src/main.o
                0x0000000024002a3c                Sensor5
 .bss.Position  0x000000002400340c        0x2 ./Core/Src/main.o
                0x000000002400340c                Position
 *fill*         0x000000002400340e        0x2 
 .bss.uwTick    0x0000000024003410        0x4 ./Drivers/STM32H7xx_HAL_Driver/Src/stm32h7xx_hal.o
                0x0000000024003410                uwTick
 *(COMMON)
                0x0000000024003414                . = ALIGN (0x4)
                0x0000000024003414                _ebss = .
                0x0000000024003414                __bss_end__ = _ebss

._user_heap_stack
                0x0000000024003414     0x1204 load address 0x000000000801f944
                0x0000000024003418                . = ALIGN (0x8)
 *fill*         0x0000000024003414        0x4 
                [!provide]                        PROVIDE (end = .)
                0x0000000024003418                PROVIDE (_end = .)
                0x0000000024003c18                . = (. + _Min_Heap_Size)
 *fill*         0x0000000024003418      0x800 
                0x0000000024004618                . = (. + _Min_Stack_Size)
 *fill*         0x0000000024003c18      0xa00 
                0x0000000024004618                . = ALIGN (0x8)

/DISCARD/
 libc.a(*)
 libm.a(*)
 libgcc.a(*)

.ARM.attributes
                0x0000000000000000       0x2e
 *(.ARM.attributes)
 .ARM.attributes
                0x0000000000000000       0x1e C:/ST/STM32CubeIDE_1.13.1/STM32CubeIDE/plugins/com.st.stm32cube.ide.mcu.externaltools.gnu-tools-for-stm32.11.3.rel1.win32_1.1.0.202305231506/tools/bin/../lib/gcc/arm-none-eabi/11.3.1/thumb/v7e-m+dp/hard/crti.o
 .ARM.attributes
                0x000000000000001e       0x32 C:/ST/STM32CubeIDE_1.13.1/STM32CubeIDE/plugins/com.st.stm32cube.ide.mcu.externaltools.gnu-tools-for-stm32.11.3.rel1.win32_1.1.0.202305231506/tools/bin/../lib/gcc/arm-none-eabi/11.3.1/thumb/v7e-m+dp/hard/crtbegin.o
 .ARM.attributes
                0x0000000000000050       0x32 ./Core/Src/main.o
 .ARM.attributes
                0x0000000000000082       0x32 ./Core/Src/platform.o
 .ARM.attributes
                0x00000000000000b4       0x32 ./Core/Src/stm32h7xx_hal_msp.o
 .ARM.attributes
                0x00000000000000e6       0x32 ./Core/Src/stm32h7xx_it.o
 .ARM.attributes
                0x0000000000000118       0x32 ./Core/Src/system_stm32h7xx.o
 .ARM.attributes
                0x000000000000014a       0x32 ./Core/Src/vl53l5cx_api.o
 .ARM.attributes
                0x000000000000017c       0x21 ./Core/Startup/startup_stm32h723vetx.o
 .ARM.attributes
                0x000000000000019d       0x32 ./Drivers/STM32H7xx_HAL_Driver/Src/stm32h7xx_hal.o
 .ARM.attributes
                0x00000000000001cf       0x32 ./Drivers/STM32H7xx_HAL_Driver/Src/stm32h7xx_hal_cortex.o
 .ARM.attributes
                0x0000000000000201       0x32 ./Drivers/STM32H7xx_HAL_Driver/Src/stm32h7xx_hal_gpio.o
 .ARM.attributes
                0x0000000000000233       0x32 ./Drivers/STM32H7xx_HAL_Driver/Src/stm32h7xx_hal_i2c.o
 .ARM.attributes
                0x0000000000000265       0x32 ./Drivers/STM32H7xx_HAL_Driver/Src/stm32h7xx_hal_i2c_ex.o
 .ARM.attributes
                0x0000000000000297       0x32 ./Drivers/STM32H7xx_HAL_Driver/Src/stm32h7xx_hal_pwr_ex.o
 .ARM.attributes
                0x00000000000002c9       0x32 ./Drivers/STM32H7xx_HAL_Driver/Src/stm32h7xx_hal_rcc.o
 .ARM.attributes
                0x00000000000002fb       0x32 ./Drivers/STM32H7xx_HAL_Driver/Src/stm32h7xx_hal_rcc_ex.o
 .ARM.attributes
                0x000000000000032d       0x32 ./Drivers/STM32H7xx_HAL_Driver/Src/stm32h7xx_hal_tim.o
 .ARM.attributes
                0x000000000000035f       0x32 ./Drivers/STM32H7xx_HAL_Driver/Src/stm32h7xx_hal_tim_ex.o
 .ARM.attributes
                0x0000000000000391       0x32 ./Drivers/STM32H7xx_HAL_Driver/Src/stm32h7xx_hal_uart.o
 .ARM.attributes
                0x00000000000003c3       0x32 ./Drivers/STM32H7xx_HAL_Driver/Src/stm32h7xx_hal_uart_ex.o
 .ARM.attributes
                0x00000000000003f5       0x32 C:/ST/STM32CubeIDE_1.13.1/STM32CubeIDE/plugins/com.st.stm32cube.ide.mcu.externaltools.gnu-tools-for-stm32.11.3.rel1.win32_1.1.0.202305231506/tools/bin/../lib/gcc/arm-none-eabi/11.3.1/../../../../arm-none-eabi/lib/thumb/v7e-m+dp/hard\libc_nano.a(libc_a-memset.o)
 .ARM.attributes
                0x0000000000000427       0x32 C:/ST/STM32CubeIDE_1.13.1/STM32CubeIDE/plugins/com.st.stm32cube.ide.mcu.externaltools.gnu-tools-for-stm32.11.3.rel1.win32_1.1.0.202305231506/tools/bin/../lib/gcc/arm-none-eabi/11.3.1/../../../../arm-none-eabi/lib/thumb/v7e-m+dp/hard\libc_nano.a(libc_a-init.o)
 .ARM.attributes
                0x0000000000000459       0x32 C:/ST/STM32CubeIDE_1.13.1/STM32CubeIDE/plugins/com.st.stm32cube.ide.mcu.externaltools.gnu-tools-for-stm32.11.3.rel1.win32_1.1.0.202305231506/tools/bin/../lib/gcc/arm-none-eabi/11.3.1/../../../../arm-none-eabi/lib/thumb/v7e-m+dp/hard\libc_nano.a(libc_a-memcpy-stub.o)
 .ARM.attributes
                0x000000000000048b       0x1e C:/ST/STM32CubeIDE_1.13.1/STM32CubeIDE/plugins/com.st.stm32cube.ide.mcu.externaltools.gnu-tools-for-stm32.11.3.rel1.win32_1.1.0.202305231506/tools/bin/../lib/gcc/arm-none-eabi/11.3.1/thumb/v7e-m+dp/hard\libgcc.a(_aeabi_uldivmod.o)
 .ARM.attributes
                0x00000000000004a9       0x32 C:/ST/STM32CubeIDE_1.13.1/STM32CubeIDE/plugins/com.st.stm32cube.ide.mcu.externaltools.gnu-tools-for-stm32.11.3.rel1.win32_1.1.0.202305231506/tools/bin/../lib/gcc/arm-none-eabi/11.3.1/thumb/v7e-m+dp/hard\libgcc.a(_udivmoddi4.o)
 .ARM.attributes
                0x00000000000004db       0x1e C:/ST/STM32CubeIDE_1.13.1/STM32CubeIDE/plugins/com.st.stm32cube.ide.mcu.externaltools.gnu-tools-for-stm32.11.3.rel1.win32_1.1.0.202305231506/tools/bin/../lib/gcc/arm-none-eabi/11.3.1/thumb/v7e-m+dp/hard\libgcc.a(_dvmd_tls.o)
 .ARM.attributes
                0x00000000000004f9       0x1e C:/ST/STM32CubeIDE_1.13.1/STM32CubeIDE/plugins/com.st.stm32cube.ide.mcu.externaltools.gnu-tools-for-stm32.11.3.rel1.win32_1.1.0.202305231506/tools/bin/../lib/gcc/arm-none-eabi/11.3.1/thumb/v7e-m+dp/hard/crtn.o
OUTPUT(Kolibri_program.elf elf32-littlearm)
LOAD linker stubs
LOAD C:/ST/STM32CubeIDE_1.13.1/STM32CubeIDE/plugins/com.st.stm32cube.ide.mcu.externaltools.gnu-tools-for-stm32.11.3.rel1.win32_1.1.0.202305231506/tools/bin/../lib/gcc/arm-none-eabi/11.3.1/../../../../arm-none-eabi/lib/thumb/v7e-m+dp/hard\libc.a
LOAD C:/ST/STM32CubeIDE_1.13.1/STM32CubeIDE/plugins/com.st.stm32cube.ide.mcu.externaltools.gnu-tools-for-stm32.11.3.rel1.win32_1.1.0.202305231506/tools/bin/../lib/gcc/arm-none-eabi/11.3.1/../../../../arm-none-eabi/lib/thumb/v7e-m+dp/hard\libm.a
LOAD C:/ST/STM32CubeIDE_1.13.1/STM32CubeIDE/plugins/com.st.stm32cube.ide.mcu.externaltools.gnu-tools-for-stm32.11.3.rel1.win32_1.1.0.202305231506/tools/bin/../lib/gcc/arm-none-eabi/11.3.1/thumb/v7e-m+dp/hard\libgcc.a

.comment        0x0000000000000000       0x43
 .comment       0x0000000000000000       0x43 C:/ST/STM32CubeIDE_1.13.1/STM32CubeIDE/plugins/com.st.stm32cube.ide.mcu.externaltools.gnu-tools-for-stm32.11.3.rel1.win32_1.1.0.202305231506/tools/bin/../lib/gcc/arm-none-eabi/11.3.1/thumb/v7e-m+dp/hard/crtbegin.o
                                         0x44 (size before relaxing)
 .comment       0x0000000000000043       0x44 ./Core/Src/main.o
 .comment       0x0000000000000043       0x44 ./Core/Src/platform.o
 .comment       0x0000000000000043       0x44 ./Core/Src/stm32h7xx_hal_msp.o
 .comment       0x0000000000000043       0x44 ./Core/Src/stm32h7xx_it.o
 .comment       0x0000000000000043       0x44 ./Core/Src/system_stm32h7xx.o
 .comment       0x0000000000000043       0x44 ./Core/Src/vl53l5cx_api.o
 .comment       0x0000000000000043       0x44 ./Drivers/STM32H7xx_HAL_Driver/Src/stm32h7xx_hal.o
 .comment       0x0000000000000043       0x44 ./Drivers/STM32H7xx_HAL_Driver/Src/stm32h7xx_hal_cortex.o
 .comment       0x0000000000000043       0x44 ./Drivers/STM32H7xx_HAL_Driver/Src/stm32h7xx_hal_gpio.o
 .comment       0x0000000000000043       0x44 ./Drivers/STM32H7xx_HAL_Driver/Src/stm32h7xx_hal_i2c.o
 .comment       0x0000000000000043       0x44 ./Drivers/STM32H7xx_HAL_Driver/Src/stm32h7xx_hal_i2c_ex.o
 .comment       0x0000000000000043       0x44 ./Drivers/STM32H7xx_HAL_Driver/Src/stm32h7xx_hal_pwr_ex.o
 .comment       0x0000000000000043       0x44 ./Drivers/STM32H7xx_HAL_Driver/Src/stm32h7xx_hal_rcc.o
 .comment       0x0000000000000043       0x44 ./Drivers/STM32H7xx_HAL_Driver/Src/stm32h7xx_hal_rcc_ex.o
 .comment       0x0000000000000043       0x44 ./Drivers/STM32H7xx_HAL_Driver/Src/stm32h7xx_hal_tim.o
 .comment       0x0000000000000043       0x44 ./Drivers/STM32H7xx_HAL_Driver/Src/stm32h7xx_hal_tim_ex.o
 .comment       0x0000000000000043       0x44 ./Drivers/STM32H7xx_HAL_Driver/Src/stm32h7xx_hal_uart.o
 .comment       0x0000000000000043       0x44 ./Drivers/STM32H7xx_HAL_Driver/Src/stm32h7xx_hal_uart_ex.o

.debug_info     0x0000000000000000    0x19f83
 .debug_info    0x0000000000000000     0x28f2 ./Core/Src/main.o
 .debug_info    0x00000000000028f2      0xa29 ./Core/Src/platform.o
 .debug_info    0x000000000000331b     0x19ab ./Core/Src/stm32h7xx_hal_msp.o
 .debug_info    0x0000000000004cc6      0x128 ./Core/Src/stm32h7xx_it.o
 .debug_info    0x0000000000004dee      0xb2e ./Core/Src/system_stm32h7xx.o
 .debug_info    0x000000000000591c     0x16e9 ./Core/Src/vl53l5cx_api.o
 .debug_info    0x0000000000007005       0x23 ./Core/Startup/startup_stm32h723vetx.o
 .debug_info    0x0000000000007028     0x1698 ./Drivers/STM32H7xx_HAL_Driver/Src/stm32h7xx_hal.o
 .debug_info    0x00000000000086c0     0x1054 ./Drivers/STM32H7xx_HAL_Driver/Src/stm32h7xx_hal_cortex.o
 .debug_info    0x0000000000009714      0xc5c ./Drivers/STM32H7xx_HAL_Driver/Src/stm32h7xx_hal_gpio.o
 .debug_info    0x000000000000a370     0x222b ./Drivers/STM32H7xx_HAL_Driver/Src/stm32h7xx_hal_i2c.o
 .debug_info    0x000000000000c59b      0xda1 ./Drivers/STM32H7xx_HAL_Driver/Src/stm32h7xx_hal_i2c_ex.o
 .debug_info    0x000000000000d33c      0xdc4 ./Drivers/STM32H7xx_HAL_Driver/Src/stm32h7xx_hal_pwr_ex.o
 .debug_info    0x000000000000e100      0xd73 ./Drivers/STM32H7xx_HAL_Driver/Src/stm32h7xx_hal_rcc.o
 .debug_info    0x000000000000ee73     0x11fc ./Drivers/STM32H7xx_HAL_Driver/Src/stm32h7xx_hal_rcc_ex.o
 .debug_info    0x000000000001006f     0x2b8b ./Drivers/STM32H7xx_HAL_Driver/Src/stm32h7xx_hal_tim.o
 .debug_info    0x0000000000012bfa     0x18c1 ./Drivers/STM32H7xx_HAL_Driver/Src/stm32h7xx_hal_tim_ex.o
 .debug_info    0x00000000000144bb     0x4b13 ./Drivers/STM32H7xx_HAL_Driver/Src/stm32h7xx_hal_uart.o
 .debug_info    0x0000000000018fce      0xfb5 ./Drivers/STM32H7xx_HAL_Driver/Src/stm32h7xx_hal_uart_ex.o

.debug_abbrev   0x0000000000000000     0x2bcd
 .debug_abbrev  0x0000000000000000      0x3bc ./Core/Src/main.o
 .debug_abbrev  0x00000000000003bc      0x1ce ./Core/Src/platform.o
 .debug_abbrev  0x000000000000058a      0x284 ./Core/Src/stm32h7xx_hal_msp.o
 .debug_abbrev  0x000000000000080e       0x73 ./Core/Src/stm32h7xx_it.o
 .debug_abbrev  0x0000000000000881      0x13a ./Core/Src/system_stm32h7xx.o
 .debug_abbrev  0x00000000000009bb      0x316 ./Core/Src/vl53l5cx_api.o
 .debug_abbrev  0x0000000000000cd1       0x12 ./Core/Startup/startup_stm32h723vetx.o
 .debug_abbrev  0x0000000000000ce3      0x29e ./Drivers/STM32H7xx_HAL_Driver/Src/stm32h7xx_hal.o
 .debug_abbrev  0x0000000000000f81      0x339 ./Drivers/STM32H7xx_HAL_Driver/Src/stm32h7xx_hal_cortex.o
 .debug_abbrev  0x00000000000012ba      0x1fe ./Drivers/STM32H7xx_HAL_Driver/Src/stm32h7xx_hal_gpio.o
 .debug_abbrev  0x00000000000014b8      0x256 ./Drivers/STM32H7xx_HAL_Driver/Src/stm32h7xx_hal_i2c.o
 .debug_abbrev  0x000000000000170e      0x1f5 ./Drivers/STM32H7xx_HAL_Driver/Src/stm32h7xx_hal_i2c_ex.o
 .debug_abbrev  0x0000000000001903      0x295 ./Drivers/STM32H7xx_HAL_Driver/Src/stm32h7xx_hal_pwr_ex.o
 .debug_abbrev  0x0000000000001b98      0x2b1 ./Drivers/STM32H7xx_HAL_Driver/Src/stm32h7xx_hal_rcc.o
 .debug_abbrev  0x0000000000001e49      0x269 ./Drivers/STM32H7xx_HAL_Driver/Src/stm32h7xx_hal_rcc_ex.o
 .debug_abbrev  0x00000000000020b2      0x276 ./Drivers/STM32H7xx_HAL_Driver/Src/stm32h7xx_hal_tim.o
 .debug_abbrev  0x0000000000002328      0x296 ./Drivers/STM32H7xx_HAL_Driver/Src/stm32h7xx_hal_tim_ex.o
 .debug_abbrev  0x00000000000025be      0x33d ./Drivers/STM32H7xx_HAL_Driver/Src/stm32h7xx_hal_uart.o
 .debug_abbrev  0x00000000000028fb      0x2d2 ./Drivers/STM32H7xx_HAL_Driver/Src/stm32h7xx_hal_uart_ex.o

.debug_aranges  0x0000000000000000     0x1468
 .debug_aranges
                0x0000000000000000       0xa0 ./Core/Src/main.o
 .debug_aranges
                0x00000000000000a0       0x50 ./Core/Src/platform.o
 .debug_aranges
                0x00000000000000f0       0x68 ./Core/Src/stm32h7xx_hal_msp.o
 .debug_aranges
                0x0000000000000158       0x60 ./Core/Src/stm32h7xx_it.o
 .debug_aranges
                0x00000000000001b8       0x28 ./Core/Src/system_stm32h7xx.o
 .debug_aranges
                0x00000000000001e0      0x108 ./Core/Src/vl53l5cx_api.o
 .debug_aranges
                0x00000000000002e8       0x28 ./Core/Startup/startup_stm32h723vetx.o
 .debug_aranges
                0x0000000000000310      0x1c8 ./Drivers/STM32H7xx_HAL_Driver/Src/stm32h7xx_hal.o
 .debug_aranges
                0x00000000000004d8      0x120 ./Drivers/STM32H7xx_HAL_Driver/Src/stm32h7xx_hal_cortex.o
 .debug_aranges
                0x00000000000005f8       0x58 ./Drivers/STM32H7xx_HAL_Driver/Src/stm32h7xx_hal_gpio.o
 .debug_aranges
                0x0000000000000650      0x2a0 ./Drivers/STM32H7xx_HAL_Driver/Src/stm32h7xx_hal_i2c.o
 .debug_aranges
                0x00000000000008f0       0x48 ./Drivers/STM32H7xx_HAL_Driver/Src/stm32h7xx_hal_i2c_ex.o
 .debug_aranges
                0x0000000000000938      0x148 ./Drivers/STM32H7xx_HAL_Driver/Src/stm32h7xx_hal_pwr_ex.o
 .debug_aranges
                0x0000000000000a80       0x88 ./Drivers/STM32H7xx_HAL_Driver/Src/stm32h7xx_hal_rcc.o
 .debug_aranges
                0x0000000000000b08       0xf8 ./Drivers/STM32H7xx_HAL_Driver/Src/stm32h7xx_hal_rcc_ex.o
 .debug_aranges
                0x0000000000000c00      0x3e0 ./Drivers/STM32H7xx_HAL_Driver/Src/stm32h7xx_hal_tim.o
 .debug_aranges
                0x0000000000000fe0      0x198 ./Drivers/STM32H7xx_HAL_Driver/Src/stm32h7xx_hal_tim_ex.o
 .debug_aranges
                0x0000000000001178      0x248 ./Drivers/STM32H7xx_HAL_Driver/Src/stm32h7xx_hal_uart.o
 .debug_aranges
                0x00000000000013c0       0xa8 ./Drivers/STM32H7xx_HAL_Driver/Src/stm32h7xx_hal_uart_ex.o

.debug_rnglists
                0x0000000000000000     0x101f
 .debug_rnglists
                0x0000000000000000       0x81 ./Core/Src/main.o
 .debug_rnglists
                0x0000000000000081       0x37 ./Core/Src/platform.o
 .debug_rnglists
                0x00000000000000b8       0x4e ./Core/Src/stm32h7xx_hal_msp.o
 .debug_rnglists
                0x0000000000000106       0x43 ./Core/Src/stm32h7xx_it.o
 .debug_rnglists
                0x0000000000000149       0x1b ./Core/Src/system_stm32h7xx.o
 .debug_rnglists
                0x0000000000000164       0xd1 ./Core/Src/vl53l5cx_api.o
 .debug_rnglists
                0x0000000000000235       0x19 ./Core/Startup/startup_stm32h723vetx.o
 .debug_rnglists
                0x000000000000024e      0x155 ./Drivers/STM32H7xx_HAL_Driver/Src/stm32h7xx_hal.o
 .debug_rnglists
                0x00000000000003a3       0xd4 ./Drivers/STM32H7xx_HAL_Driver/Src/stm32h7xx_hal_cortex.o
 .debug_rnglists
                0x0000000000000477       0x3f ./Drivers/STM32H7xx_HAL_Driver/Src/stm32h7xx_hal_gpio.o
 .debug_rnglists
                0x00000000000004b6      0x22a ./Drivers/STM32H7xx_HAL_Driver/Src/stm32h7xx_hal_i2c.o
 .debug_rnglists
                0x00000000000006e0       0x35 ./Drivers/STM32H7xx_HAL_Driver/Src/stm32h7xx_hal_i2c_ex.o
 .debug_rnglists
                0x0000000000000715       0xf4 ./Drivers/STM32H7xx_HAL_Driver/Src/stm32h7xx_hal_pwr_ex.o
 .debug_rnglists
                0x0000000000000809       0x68 ./Drivers/STM32H7xx_HAL_Driver/Src/stm32h7xx_hal_rcc.o
 .debug_rnglists
                0x0000000000000871       0xc0 ./Drivers/STM32H7xx_HAL_Driver/Src/stm32h7xx_hal_rcc_ex.o
 .debug_rnglists
                0x0000000000000931      0x328 ./Drivers/STM32H7xx_HAL_Driver/Src/stm32h7xx_hal_tim.o
 .debug_rnglists
                0x0000000000000c59      0x14d ./Drivers/STM32H7xx_HAL_Driver/Src/stm32h7xx_hal_tim_ex.o
 .debug_rnglists
                0x0000000000000da6      0x1fa ./Drivers/STM32H7xx_HAL_Driver/Src/stm32h7xx_hal_uart.o
 .debug_rnglists
                0x0000000000000fa0       0x7f ./Drivers/STM32H7xx_HAL_Driver/Src/stm32h7xx_hal_uart_ex.o

.debug_macro    0x0000000000000000    0x33491
 .debug_macro   0x0000000000000000      0x305 ./Core/Src/main.o
 .debug_macro   0x0000000000000305      0xac0 ./Core/Src/main.o
 .debug_macro   0x0000000000000dc5      0x238 ./Core/Src/main.o
 .debug_macro   0x0000000000000ffd       0x2e ./Core/Src/main.o
 .debug_macro   0x000000000000102b       0x3b ./Core/Src/main.o
 .debug_macro   0x0000000000001066       0x22 ./Core/Src/main.o
 .debug_macro   0x0000000000001088       0x8e ./Core/Src/main.o
 .debug_macro   0x0000000000001116       0x51 ./Core/Src/main.o
 .debug_macro   0x0000000000001167      0x103 ./Core/Src/main.o
 .debug_macro   0x000000000000126a       0x6a ./Core/Src/main.o
 .debug_macro   0x00000000000012d4      0x1df ./Core/Src/main.o
 .debug_macro   0x00000000000014b3       0x1c ./Core/Src/main.o
 .debug_macro   0x00000000000014cf       0x22 ./Core/Src/main.o
 .debug_macro   0x00000000000014f1       0xfb ./Core/Src/main.o
 .debug_macro   0x00000000000015ec     0x1305 ./Core/Src/main.o
 .debug_macro   0x00000000000028f1      0x11f ./Core/Src/main.o
 .debug_macro   0x0000000000002a10       0x27 ./Core/Src/main.o
 .debug_macro   0x0000000000002a37    0x211d1 ./Core/Src/main.o
 .debug_macro   0x0000000000023c08       0x6d ./Core/Src/main.o
 .debug_macro   0x0000000000023c75     0x3d48 ./Core/Src/main.o
 .debug_macro   0x00000000000279bd      0x174 ./Core/Src/main.o
 .debug_macro   0x0000000000027b31       0x61 ./Core/Src/main.o
 .debug_macro   0x0000000000027b92       0x29 ./Core/Src/main.o
 .debug_macro   0x0000000000027bbb       0x43 ./Core/Src/main.o
 .debug_macro   0x0000000000027bfe       0x34 ./Core/Src/main.o
 .debug_macro   0x0000000000027c32       0x16 ./Core/Src/main.o
 .debug_macro   0x0000000000027c48       0x43 ./Core/Src/main.o
 .debug_macro   0x0000000000027c8b       0x34 ./Core/Src/main.o
 .debug_macro   0x0000000000027cbf       0x10 ./Core/Src/main.o
 .debug_macro   0x0000000000027ccf       0x58 ./Core/Src/main.o
 .debug_macro   0x0000000000027d27       0x8e ./Core/Src/main.o
 .debug_macro   0x0000000000027db5       0x1c ./Core/Src/main.o
 .debug_macro   0x0000000000027dd1      0x177 ./Core/Src/main.o
 .debug_macro   0x0000000000027f48      0x369 ./Core/Src/main.o
 .debug_macro   0x00000000000282b1      0x19b ./Core/Src/main.o
 .debug_macro   0x000000000002844c       0x5d ./Core/Src/main.o
 .debug_macro   0x00000000000284a9     0x2462 ./Core/Src/main.o
 .debug_macro   0x000000000002a90b     0x1079 ./Core/Src/main.o
 .debug_macro   0x000000000002b984      0x154 ./Core/Src/main.o
 .debug_macro   0x000000000002bad8      0x114 ./Core/Src/main.o
 .debug_macro   0x000000000002bbec      0x3f8 ./Core/Src/main.o
 .debug_macro   0x000000000002bfe4       0xac ./Core/Src/main.o
 .debug_macro   0x000000000002c090      0x788 ./Core/Src/main.o
 .debug_macro   0x000000000002c818      0x228 ./Core/Src/main.o
 .debug_macro   0x000000000002ca40       0x66 ./Core/Src/main.o
 .debug_macro   0x000000000002caa6      0x3a6 ./Core/Src/main.o
 .debug_macro   0x000000000002ce4c      0x3f9 ./Core/Src/main.o
 .debug_macro   0x000000000002d245      0x275 ./Core/Src/main.o
 .debug_macro   0x000000000002d4ba      0x3ca ./Core/Src/main.o
 .debug_macro   0x000000000002d884      0x45c ./Core/Src/main.o
 .debug_macro   0x000000000002dce0       0x3c ./Core/Src/main.o
 .debug_macro   0x000000000002dd1c       0x4a ./Core/Src/main.o
 .debug_macro   0x000000000002dd66      0x22c ./Core/Src/main.o
 .debug_macro   0x000000000002df92       0x67 ./Core/Src/main.o
 .debug_macro   0x000000000002dff9       0xa5 ./Core/Src/main.o
 .debug_macro   0x000000000002e09e      0x1c4 ./Core/Src/main.o
 .debug_macro   0x000000000002e262      0x22a ./Core/Src/main.o
 .debug_macro   0x000000000002e48c       0x35 ./Core/Src/main.o
 .debug_macro   0x000000000002e4c1      0xb1d ./Core/Src/main.o
 .debug_macro   0x000000000002efde      0x29f ./Core/Src/main.o
 .debug_macro   0x000000000002f27d      0x693 ./Core/Src/main.o
 .debug_macro   0x000000000002f910       0xa6 ./Core/Src/main.o
 .debug_macro   0x000000000002f9b6      0x5e6 ./Core/Src/main.o
 .debug_macro   0x000000000002ff9c       0xd0 ./Core/Src/main.o
 .debug_macro   0x000000000003006c       0x16 ./Core/Src/main.o
 .debug_macro   0x0000000000030082       0x35 ./Core/Src/main.o
 .debug_macro   0x00000000000300b7       0x20 ./Core/Src/main.o
 .debug_macro   0x00000000000300d7       0x34 ./Core/Src/main.o
 .debug_macro   0x000000000003010b      0x1e9 ./Core/Src/main.o
 .debug_macro   0x00000000000302f4      0x2ed ./Core/Src/platform.o
 .debug_macro   0x00000000000305e1       0x10 ./Core/Src/platform.o
 .debug_macro   0x00000000000305f1      0x2b7 ./Core/Src/stm32h7xx_hal_msp.o
 .debug_macro   0x00000000000308a8      0x2c1 ./Core/Src/stm32h7xx_it.o
 .debug_macro   0x0000000000030b69      0x2ba ./Core/Src/system_stm32h7xx.o
 .debug_macro   0x0000000000030e23      0x32d ./Core/Src/vl53l5cx_api.o
 .debug_macro   0x0000000000031150      0x10e ./Core/Src/vl53l5cx_api.o
 .debug_macro   0x000000000003125e       0x8d ./Core/Src/vl53l5cx_api.o
 .debug_macro   0x00000000000312eb       0x10 ./Core/Src/vl53l5cx_api.o
 .debug_macro   0x00000000000312fb      0x2d2 ./Drivers/STM32H7xx_HAL_Driver/Src/stm32h7xx_hal.o
 .debug_macro   0x00000000000315cd      0x2a8 ./Drivers/STM32H7xx_HAL_Driver/Src/stm32h7xx_hal_cortex.o
 .debug_macro   0x0000000000031875      0x2af ./Drivers/STM32H7xx_HAL_Driver/Src/stm32h7xx_hal_gpio.o
 .debug_macro   0x0000000000031b24      0x374 ./Drivers/STM32H7xx_HAL_Driver/Src/stm32h7xx_hal_i2c.o
 .debug_macro   0x0000000000031e98      0x2a8 ./Drivers/STM32H7xx_HAL_Driver/Src/stm32h7xx_hal_i2c_ex.o
 .debug_macro   0x0000000000032140      0x2e1 ./Drivers/STM32H7xx_HAL_Driver/Src/stm32h7xx_hal_pwr_ex.o
 .debug_macro   0x0000000000032421      0x2cc ./Drivers/STM32H7xx_HAL_Driver/Src/stm32h7xx_hal_rcc.o
 .debug_macro   0x00000000000326ed      0x2c6 ./Drivers/STM32H7xx_HAL_Driver/Src/stm32h7xx_hal_rcc_ex.o
 .debug_macro   0x00000000000329b3      0x2a9 ./Drivers/STM32H7xx_HAL_Driver/Src/stm32h7xx_hal_tim.o
 .debug_macro   0x0000000000032c5c      0x2ae ./Drivers/STM32H7xx_HAL_Driver/Src/stm32h7xx_hal_tim_ex.o
 .debug_macro   0x0000000000032f0a      0x2d3 ./Drivers/STM32H7xx_HAL_Driver/Src/stm32h7xx_hal_uart.o
 .debug_macro   0x00000000000331dd      0x2b4 ./Drivers/STM32H7xx_HAL_Driver/Src/stm32h7xx_hal_uart_ex.o

.debug_line     0x0000000000000000    0x1b2a9
 .debug_line    0x0000000000000000     0x10eb ./Core/Src/main.o
 .debug_line    0x00000000000010eb      0xa36 ./Core/Src/platform.o
 .debug_line    0x0000000000001b21      0xb32 ./Core/Src/stm32h7xx_hal_msp.o
 .debug_line    0x0000000000002653      0x99d ./Core/Src/stm32h7xx_it.o
 .debug_line    0x0000000000002ff0      0xa85 ./Core/Src/system_stm32h7xx.o
 .debug_line    0x0000000000003a75     0x17eb ./Core/Src/vl53l5cx_api.o
 .debug_line    0x0000000000005260       0x7a ./Core/Startup/startup_stm32h723vetx.o
 .debug_line    0x00000000000052da      0xf16 ./Drivers/STM32H7xx_HAL_Driver/Src/stm32h7xx_hal.o
 .debug_line    0x00000000000061f0      0xe8e ./Drivers/STM32H7xx_HAL_Driver/Src/stm32h7xx_hal_cortex.o
 .debug_line    0x000000000000707e      0xd37 ./Drivers/STM32H7xx_HAL_Driver/Src/stm32h7xx_hal_gpio.o
 .debug_line    0x0000000000007db5     0x3c7b ./Drivers/STM32H7xx_HAL_Driver/Src/stm32h7xx_hal_i2c.o
 .debug_line    0x000000000000ba30      0xaf8 ./Drivers/STM32H7xx_HAL_Driver/Src/stm32h7xx_hal_i2c_ex.o
 .debug_line    0x000000000000c528      0xefd ./Drivers/STM32H7xx_HAL_Driver/Src/stm32h7xx_hal_pwr_ex.o
 .debug_line    0x000000000000d425     0x13af ./Drivers/STM32H7xx_HAL_Driver/Src/stm32h7xx_hal_rcc.o
 .debug_line    0x000000000000e7d4     0x1c68 ./Drivers/STM32H7xx_HAL_Driver/Src/stm32h7xx_hal_rcc_ex.o
 .debug_line    0x000000000001043c     0x4066 ./Drivers/STM32H7xx_HAL_Driver/Src/stm32h7xx_hal_tim.o
 .debug_line    0x00000000000144a2     0x1fa5 ./Drivers/STM32H7xx_HAL_Driver/Src/stm32h7xx_hal_tim_ex.o
 .debug_line    0x0000000000016447     0x3f3c ./Drivers/STM32H7xx_HAL_Driver/Src/stm32h7xx_hal_uart.o
 .debug_line    0x000000000001a383      0xf26 ./Drivers/STM32H7xx_HAL_Driver/Src/stm32h7xx_hal_uart_ex.o

.debug_str      0x0000000000000000   0x14d3c9
 .debug_str     0x0000000000000000   0x147df8 ./Core/Src/main.o
                                     0x148532 (size before relaxing)
 .debug_str     0x0000000000147df8       0xdc ./Core/Src/platform.o
                                     0x14597d (size before relaxing)
 .debug_str     0x0000000000147ed4       0xf8 ./Core/Src/stm32h7xx_hal_msp.o
                                     0x1465f9 (size before relaxing)
 .debug_str     0x0000000000147fcc       0xc9 ./Core/Src/stm32h7xx_it.o
                                     0x145409 (size before relaxing)
 .debug_str     0x0000000000148095      0x303 ./Core/Src/system_stm32h7xx.o
                                     0x1455ea (size before relaxing)
 .debug_str     0x0000000000148398      0x608 ./Core/Src/vl53l5cx_api.o
                                     0x146e37 (size before relaxing)
 .debug_str     0x00000000001489a0       0x34 ./Core/Startup/startup_stm32h723vetx.o
                                         0x77 (size before relaxing)
 .debug_str     0x00000000001489d4      0x9c3 ./Drivers/STM32H7xx_HAL_Driver/Src/stm32h7xx_hal.o
                                     0x14661a (size before relaxing)
 .debug_str     0x0000000000149397      0x326 ./Drivers/STM32H7xx_HAL_Driver/Src/stm32h7xx_hal_cortex.o
                                     0x145efc (size before relaxing)
 .debug_str     0x00000000001496bd       0xc8 ./Drivers/STM32H7xx_HAL_Driver/Src/stm32h7xx_hal_gpio.o
                                     0x1455db (size before relaxing)
 .debug_str     0x0000000000149785      0xdf7 ./Drivers/STM32H7xx_HAL_Driver/Src/stm32h7xx_hal_i2c.o
                                     0x14667d (size before relaxing)
 .debug_str     0x000000000014a57c       0x9b ./Drivers/STM32H7xx_HAL_Driver/Src/stm32h7xx_hal_i2c_ex.o
                                     0x145a4a (size before relaxing)
 .debug_str     0x000000000014a617      0x5ee ./Drivers/STM32H7xx_HAL_Driver/Src/stm32h7xx_hal_pwr_ex.o
                                     0x1459e3 (size before relaxing)
 .debug_str     0x000000000014ac05      0x22e ./Drivers/STM32H7xx_HAL_Driver/Src/stm32h7xx_hal_rcc.o
                                     0x14595e (size before relaxing)
 .debug_str     0x000000000014ae33      0x639 ./Drivers/STM32H7xx_HAL_Driver/Src/stm32h7xx_hal_rcc_ex.o
                                     0x145e76 (size before relaxing)
 .debug_str     0x000000000014b46c      0xd2e ./Drivers/STM32H7xx_HAL_Driver/Src/stm32h7xx_hal_tim.o
                                     0x14674c (size before relaxing)
 .debug_str     0x000000000014c19a      0x5ff ./Drivers/STM32H7xx_HAL_Driver/Src/stm32h7xx_hal_tim_ex.o
                                     0x146109 (size before relaxing)
 .debug_str     0x000000000014c799      0x9ca ./Drivers/STM32H7xx_HAL_Driver/Src/stm32h7xx_hal_uart.o
                                     0x1464fe (size before relaxing)
 .debug_str     0x000000000014d163      0x266 ./Drivers/STM32H7xx_HAL_Driver/Src/stm32h7xx_hal_uart_ex.o
                                     0x145abe (size before relaxing)

.debug_frame    0x0000000000000000     0x57fc
 .debug_frame   0x0000000000000000      0x23c ./Core/Src/main.o
 .debug_frame   0x000000000000023c      0x114 ./Core/Src/platform.o
 .debug_frame   0x0000000000000350      0x18c ./Core/Src/stm32h7xx_hal_msp.o
 .debug_frame   0x00000000000004dc      0x104 ./Core/Src/stm32h7xx_it.o
 .debug_frame   0x00000000000005e0       0x58 ./Core/Src/system_stm32h7xx.o
 .debug_frame   0x0000000000000638      0x468 ./Core/Src/vl53l5cx_api.o
 .debug_frame   0x0000000000000aa0      0x760 ./Drivers/STM32H7xx_HAL_Driver/Src/stm32h7xx_hal.o
 .debug_frame   0x0000000000001200      0x4b8 ./Drivers/STM32H7xx_HAL_Driver/Src/stm32h7xx_hal_cortex.o
 .debug_frame   0x00000000000016b8      0x14c ./Drivers/STM32H7xx_HAL_Driver/Src/stm32h7xx_hal_gpio.o
 .debug_frame   0x0000000000001804      0xc40 ./Drivers/STM32H7xx_HAL_Driver/Src/stm32h7xx_hal_i2c.o
 .debug_frame   0x0000000000002444      0x100 ./Drivers/STM32H7xx_HAL_Driver/Src/stm32h7xx_hal_i2c_ex.o
 .debug_frame   0x0000000000002544      0x540 ./Drivers/STM32H7xx_HAL_Driver/Src/stm32h7xx_hal_pwr_ex.o
 .debug_frame   0x0000000000002a84      0x1fc ./Drivers/STM32H7xx_HAL_Driver/Src/stm32h7xx_hal_rcc.o
 .debug_frame   0x0000000000002c80      0x414 ./Drivers/STM32H7xx_HAL_Driver/Src/stm32h7xx_hal_rcc_ex.o
 .debug_frame   0x0000000000003094     0x121c ./Drivers/STM32H7xx_HAL_Driver/Src/stm32h7xx_hal_tim.o
 .debug_frame   0x00000000000042b0      0x724 ./Drivers/STM32H7xx_HAL_Driver/Src/stm32h7xx_hal_tim_ex.o
 .debug_frame   0x00000000000049d4      0xa94 ./Drivers/STM32H7xx_HAL_Driver/Src/stm32h7xx_hal_uart.o
 .debug_frame   0x0000000000005468      0x2c0 ./Drivers/STM32H7xx_HAL_Driver/Src/stm32h7xx_hal_uart_ex.o
 .debug_frame   0x0000000000005728       0x20 C:/ST/STM32CubeIDE_1.13.1/STM32CubeIDE/plugins/com.st.stm32cube.ide.mcu.externaltools.gnu-tools-for-stm32.11.3.rel1.win32_1.1.0.202305231506/tools/bin/../lib/gcc/arm-none-eabi/11.3.1/../../../../arm-none-eabi/lib/thumb/v7e-m+dp/hard\libc_nano.a(libc_a-memset.o)
 .debug_frame   0x0000000000005748       0x2c C:/ST/STM32CubeIDE_1.13.1/STM32CubeIDE/plugins/com.st.stm32cube.ide.mcu.externaltools.gnu-tools-for-stm32.11.3.rel1.win32_1.1.0.202305231506/tools/bin/../lib/gcc/arm-none-eabi/11.3.1/../../../../arm-none-eabi/lib/thumb/v7e-m+dp/hard\libc_nano.a(libc_a-init.o)
 .debug_frame   0x0000000000005774       0x28 C:/ST/STM32CubeIDE_1.13.1/STM32CubeIDE/plugins/com.st.stm32cube.ide.mcu.externaltools.gnu-tools-for-stm32.11.3.rel1.win32_1.1.0.202305231506/tools/bin/../lib/gcc/arm-none-eabi/11.3.1/../../../../arm-none-eabi/lib/thumb/v7e-m+dp/hard\libc_nano.a(libc_a-memcpy-stub.o)
 .debug_frame   0x000000000000579c       0x2c C:/ST/STM32CubeIDE_1.13.1/STM32CubeIDE/plugins/com.st.stm32cube.ide.mcu.externaltools.gnu-tools-for-stm32.11.3.rel1.win32_1.1.0.202305231506/tools/bin/../lib/gcc/arm-none-eabi/11.3.1/thumb/v7e-m+dp/hard\libgcc.a(_aeabi_uldivmod.o)
 .debug_frame   0x00000000000057c8       0x34 C:/ST/STM32CubeIDE_1.13.1/STM32CubeIDE/plugins/com.st.stm32cube.ide.mcu.externaltools.gnu-tools-for-stm32.11.3.rel1.win32_1.1.0.202305231506/tools/bin/../lib/gcc/arm-none-eabi/11.3.1/thumb/v7e-m+dp/hard\libgcc.a(_udivmoddi4.o)

.debug_line_str
                0x0000000000000000       0x6b
 .debug_line_str
                0x0000000000000000       0x6b ./Core/Startup/startup_stm32h723vetx.o
                                         0x83 (size before relaxing)
