../Drivers/CMSIS/Include/core_cm7.h:1902:22:__NVIC_EnableIRQ	16	static,ignoring_inline_asm
../Core/Src/main.c:97:9:get_data_by_polling	24	static
../Core/Src/main.c:129:6:ReturnHome	16	static
../Core/Src/main.c:152:6:MoveNextPos	24	static
../Core/Src/main.c:266:5:main	24	static,ignoring_inline_asm
../Core/Src/main.c:431:6:SystemClock_Config	120	static
../Core/Src/main.c:490:6:PeriphCommonClock_Config	192	static
../Core/Src/main.c:520:13:MX_I2C1_Init	8	static
../Core/Src/main.c:572:13:MX_I2C2_Init	8	static
../Core/Src/main.c:624:13:MX_I2C3_Init	8	static
../Core/Src/main.c:676:13:MX_I2C4_Init	8	static
../Core/Src/main.c:728:13:MX_I2C5_Init	8	static
../Core/Src/main.c:780:13:MX_TIM3_Init	64	static
../Core/Src/main.c:851:13:MX_TIM15_Init	40	static
../Core/Src/main.c:900:13:MX_USART2_UART_Init	8	static
../Core/Src/main.c:948:13:MX_GPIO_Init	56	static
../Core/Src/main.c:1058:6:Error_Handler	4	static,ignoring_inline_asm
